[1;92m[+] [0mEnabled environment variable AFL_AUTORESUME with value 1[0m
[1;92m[+] [0mEnabled environment variable AFL_SKIP_CPUFREQ with value 1[0m
[1;92m[+] [0mEnabled environment variable AFL_I_DONT_CARE_ABOUT_MISSING_CRASHES with value 1[0m
[0;36mafl-fuzz++4.09c[0m based on afl by Michal Zalewski and a large online community
[1;92m[+] [0mAFL++ is maintained by Marc "van Hauser" Heuse, Dominik Maier, Andrea Fioraldi and Heiko "hexcoder" Eißfeldt[0m
[1;92m[+] [0mAFL++ is open source, get it at https://github.com/AFLplusplus/AFLplusplus[0m
[1;92m[+] [0mNOTE: AFL++ >= v3 has changed defaults and behaviours - see README.md[0m
[1;92m[+] [0mNo -M/-S set, autoconfiguring for "-S default"[0m
[1;94m[*] [0mGetting to work...[0m
[1;92m[+] [0mUsing exponential power schedule (FAST)[0m
[1;92m[+] [0mEnabled testcache with 50 MB[0m
[1;92m[+] [0mGenerating fuzz data with a length of min=1 max=1048576[0m
[1;94m[*] [0mChecking core_pattern...[0m
[1;92m[+] [0mLooks like we're not running on a tty, so I'll be a bit less verbose.[0m
[1;92m[+] [0mYou have 16 CPU cores and 2 runnable tasks (utilization: 12%).[0m
[1;92m[+] [0mTry parallel jobs - see docs/fuzzing_in_depth.md#c-using-multiple-cores[0m
[1;94m[*] [0mSetting up output directories...[0m
[1;92m[+] [0mDetected prior run with AFL_AUTORESUME set. Resuming.[0m
[1;92m[+] [0mOutput directory exists, will attempt session resume.[0m
[1;94m[*] [0mDeleting old session data...[0m
[1;92m[+] [0mOutput dir cleanup successful.[0m
[1;94m[*] [0mChecking CPU core loadout...[0m
[1;92m[+] [0mFound a free CPU core, try binding to #0.[0m
[1;94m[*] [0mScanning 'fuzz/out3/default/_resume'...[0m
[1;92m[+] [0mLoaded a total of 290 seeds.[0m
[1;94m[*] [0mCreating hard links for all input files...[0m
[1;94m[*] [0mValidating target binary...[0m
[1;92m[+] [0m[1;95mPersistent mode binary detected.[0m
[1;92m[+] [0m[1;95mDeferred forkserver binary detected.[0m
[1;94m[*] [0mSpinning up the fork server...[0m
[1;92m[+] [0mAll right - fork server is up.[0m
[1;94m[*] [0mUsing SHARED MEMORY FUZZING feature.[0m
[1;94m[*] [0mTarget map size: 1702[0m
[1;94m[*] [0mNo auto-generated dictionary tokens to reuse.[0m
[1;94m[*] [0mAttempting dry run with 'id:000000,time:0,execs:0,orig:id:000289,src:000084+000287,time:11398412,execs:96021,op:splice,rep:5'...[0m
[1;90m    len = 100, map size = 32, exec speed = 134 us, hash = 6b655394943df045
[0m[1;94m[*] [0mAttempting dry run with 'id:000001,time:0,execs:0,orig:id:000288,src:000117+000005,time:11395284,execs:58469,op:splice,rep:1'...[0m
[1;90m    len = 14, map size = 18, exec speed = 50 us, hash = 496f5604d211f52e
[0m[1;94m[*] [0mAttempting dry run with 'id:000002,time:0,execs:0,orig:id:000287,src:000094,time:11394764,execs:52325,op:havoc,rep:2'...[0m
[1;90m    len = 55, map size = 32, exec speed = 61 us, hash = 3f816637c0f3a13b
[0m[1;94m[*] [0mAttempting dry run with 'id:000003,time:0,execs:0,orig:id:000286,src:000008+000218,time:11393272,execs:32264,op:splice,rep:2'...[0m
[1;90m    len = 27, map size = 35, exec speed = 57 us, hash = 51726c3dc84cd03b
[0m[1;94m[*] [0mAttempting dry run with 'id:000004,time:0,execs:0,orig:id:000285,src:000126,time:11391282,execs:5488,op:havoc,rep:2,+cov'...[0m
[1;90m    len = 7, map size = 27, exec speed = 50 us, hash = 342bf80a23177363
[0m[1;94m[*] [0mAttempting dry run with 'id:000005,time:0,execs:0,orig:id:000284,src:000083+000006,time:11391114,execs:3386,op:splice,rep:2'...[0m
[1;90m    len = 28, map size = 37, exec speed = 63 us, hash = d17a2cbce3bba516
[0m[1;94m[*] [0mAttempting dry run with 'id:000006,time:0,execs:0,orig:id:000283,src:000083,time:11391104,execs:3269,op:havoc,rep:2'...[0m
[1;90m    len = 48, map size = 17, exec speed = 62 us, hash = ccaaed921d9ce6f8
[0m[1;94m[*] [0mAttempting dry run with 'id:000007,time:0,execs:0,orig:id:000282,src:000115,time:11391042,execs:2557,op:havoc,rep:1'...[0m
[1;90m    len = 18, map size = 26, exec speed = 63 us, hash = fbb5ff4452babb18
[0m[1;94m[*] [0mAttempting dry run with 'id:000008,time:0,execs:0,orig:id:000280,src:000090,time:11383127,execs:2325,op:havoc,rep:2,+cov'...[0m
[1;90m    len = 17, map size = 23, exec speed = 56 us, hash = 84896384fd9673af
[0m[1;94m[*] [0mAttempting dry run with 'id:000009,time:0,execs:0,orig:id:000276,src:000032,time:11368007,execs:2030,op:havoc,rep:8,+cov'...[0m
[1;90m    len = 19, map size = 23, exec speed = 58 us, hash = 5e04997aafce2988
[0m[1;94m[*] [0mAttempting dry run with 'id:000010,time:0,execs:0,orig:id:000266,src:000017,time:11351346,execs:5029,op:havoc,rep:3'...[0m
[1;90m    len = 8, map size = 29, exec speed = 38 us, hash = 76c591dceae35549
[0m[1;94m[*] [0mAttempting dry run with 'id:000011,time:0,execs:0,orig:id:000265,src:000017,time:11349070,execs:2563,op:havoc,rep:3,+cov'...[0m
[1;90m    len = 20, map size = 31, exec speed = 56 us, hash = 9f847da788c041d3
[0m[1;94m[*] [0mAttempting dry run with 'id:000012,time:0,execs:0,orig:id:000264,src:000017,time:11349067,execs:2525,op:havoc,rep:4,+cov'...[0m
[1;90m    len = 19, map size = 22, exec speed = 58 us, hash = 5ab1b82072aaddf9
[0m[1;94m[*] [0mAttempting dry run with 'id:000013,time:0,execs:0,orig:id:000263,src:000017,time:11348005,execs:1898,op:havoc,rep:1'...[0m
[1;90m    len = 31, map size = 24, exec speed = 63 us, hash = 80d1e6c1a47a0569
[0m[1;94m[*] [0mAttempting dry run with 'id:000014,time:0,execs:0,orig:id:000262,src:000017,time:11348003,execs:1875,op:havoc,rep:4'...[0m
[1;90m    len = 20, map size = 34, exec speed = 42 us, hash = 031a7bd294bfa8f2
[0m[1;94m[*] [0mAttempting dry run with 'id:000015,time:0,execs:0,orig:id:000261,src:000017,time:11348002,execs:1850,op:havoc,rep:4,+cov'...[0m
[1;90m    len = 20, map size = 25, exec speed = 56 us, hash = 355c384afa66a2aa
[0m[1;93m[!] [1;97mWARNING: [0mNo new instrumentation output, test case may be useless.[0m
[1;94m[*] [0mAttempting dry run with 'id:000016,time:0,execs:0,orig:id:000139,src:000138+000072,time:10941336,execs:123251774,op:mutator.so,pos:0'...[0m
[1;90m    len = 57, map size = 26, exec speed = 73 us, hash = ed707d43256acdc1
[0m[1;94m[*] [0mAttempting dry run with 'id:000017,time:0,execs:0,orig:id:000138,src:000135+000041,time:7997029,execs:90762786,op:mutator.so,pos:0'...[0m
[1;90m    len = 60, map size = 26, exec speed = 70 us, hash = ed707d43256acdc1
[0m[1;93m[!] [1;97mWARNING: [0mNo new instrumentation output, test case may be useless.[0m
[1;94m[*] [0mAttempting dry run with 'id:000018,time:0,execs:0,orig:id:000137,src:000097+000007,time:535827,execs:6049539,op:mutator.so,pos:0'...[0m
[1;90m    len = 19, map size = 26, exec speed = 63 us, hash = ed707d43256acdc1
[0m[1;93m[!] [1;97mWARNING: [0mNo new instrumentation output, test case may be useless.[0m
[1;94m[*] [0mAttempting dry run with 'id:000019,time:0,execs:0,orig:id:000136,src:000119+000043,time:271458,execs:3064259,op:mutator.so,pos:0'...[0m
[1;90m    len = 19, map size = 26, exec speed = 64 us, hash = ed707d43256acdc1
[0m[1;93m[!] [1;97mWARNING: [0mNo new instrumentation output, test case may be useless.[0m
[1;94m[*] [0mAttempting dry run with 'id:000020,time:0,execs:0,orig:id:000135,src:000131+000081,time:74738,execs:847252,op:mutator.so,pos:0'...[0m
[1;90m    len = 49, map size = 26, exec speed = 69 us, hash = ed707d43256acdc1
[0m[1;93m[!] [1;97mWARNING: [0mNo new instrumentation output, test case may be useless.[0m
[1;94m[*] [0mAttempting dry run with 'id:000021,time:0,execs:0,orig:id:000134,src:000106+000029,time:73919,execs:838287,op:mutator.so,pos:0'...[0m
[1;90m    len = 24, map size = 26, exec speed = 65 us, hash = ed707d43256acdc1
[0m[1;93m[!] [1;97mWARNING: [0mNo new instrumentation output, test case may be useless.[0m
[1;94m[*] [0mAttempting dry run with 'id:000022,time:0,execs:0,orig:id:000133,src:000123+000033,time:54988,execs:621332,op:mutator.so,pos:0'...[0m
[1;90m    len = 35, map size = 26, exec speed = 68 us, hash = ed707d43256acdc1
[0m[1;93m[!] [1;97mWARNING: [0mNo new instrumentation output, test case may be useless.[0m
[1;94m[*] [0mAttempting dry run with 'id:000023,time:0,execs:0,orig:id:000132,src:000123+000092,time:54987,execs:621320,op:mutator.so,pos:0'...[0m
[1;90m    len = 33, map size = 26, exec speed = 70 us, hash = ed707d43256acdc1
[0m[1;93m[!] [1;97mWARNING: [0mNo new instrumentation output, test case may be useless.[0m
[1;94m[*] [0mAttempting dry run with 'id:000024,time:0,execs:0,orig:id:000131,src:000126+000022,time:46274,execs:522946,op:mutator.so,pos:0'...[0m
[1;90m    len = 49, map size = 26, exec speed = 68 us, hash = ed707d43256acdc1
[0m[1;93m[!] [1;97mWARNING: [0mNo new instrumentation output, test case may be useless.[0m
[1;94m[*] [0mAttempting dry run with 'id:000025,time:0,execs:0,orig:id:000130,src:000129+000094,time:43078,execs:487027,op:mutator.so,pos:0'...[0m
[1;90m    len = 29, map size = 26, exec speed = 69 us, hash = ed707d43256acdc1
[0m[1;93m[!] [1;97mWARNING: [0mNo new instrumentation output, test case may be useless.[0m
[1;94m[*] [0mAttempting dry run with 'id:000026,time:0,execs:0,orig:id:000129,src:000120+000118,time:34667,execs:391520,op:mutator.so,pos:0'...[0m
[1;90m    len = 33, map size = 26, exec speed = 69 us, hash = ed707d43256acdc1
[0m[1;93m[!] [1;97mWARNING: [0mNo new instrumentation output, test case may be useless.[0m
[1;94m[*] [0mAttempting dry run with 'id:000027,time:0,execs:0,orig:id:000128,src:000109+000002,time:30070,execs:340434,op:mutator.so,pos:0'...[0m
[1;90m    len = 19, map size = 26, exec speed = 62 us, hash = ed707d43256acdc1
[0m[1;93m[!] [1;97mWARNING: [0mNo new instrumentation output, test case may be useless.[0m
[1;94m[*] [0mAttempting dry run with 'id:000028,time:0,execs:0,orig:id:000127,src:000125+000036,time:27466,execs:311505,op:mutator.so,pos:0'...[0m
[1;90m    len = 44, map size = 26, exec speed = 67 us, hash = ed707d43256acdc1
[0m[1;93m[!] [1;97mWARNING: [0mNo new instrumentation output, test case may be useless.[0m
[1;94m[*] [0mAttempting dry run with 'id:000029,time:0,execs:0,orig:id:000126,src:000113+000051,time:18752,execs:213287,op:mutator.so,pos:0'...[0m
[1;90m    len = 41, map size = 26, exec speed = 69 us, hash = ed707d43256acdc1
[0m[1;93m[!] [1;97mWARNING: [0mNo new instrumentation output, test case may be useless.[0m
[1;94m[*] [0mAttempting dry run with 'id:000030,time:0,execs:0,orig:id:000125,src:000113+000097,time:18204,execs:207763,op:mutator.so,pos:0'...[0m
[1;90m    len = 34, map size = 26, exec speed = 67 us, hash = ed707d43256acdc1
[0m[1;93m[!] [1;97mWARNING: [0mNo new instrumentation output, test case may be useless.[0m
[1;94m[*] [0mAttempting dry run with 'id:000031,time:0,execs:0,orig:id:000124,src:000113+000121,time:18053,execs:206229,op:mutator.so,pos:0'...[0m
[1;90m    len = 37, map size = 26, exec speed = 66 us, hash = ed707d43256acdc1
[0m[1;93m[!] [1;97mWARNING: [0mNo new instrumentation output, test case may be useless.[0m
[1;94m[*] [0mAttempting dry run with 'id:000032,time:0,execs:0,orig:id:000123,src:000113+000036,time:18050,execs:206191,op:mutator.so,pos:0'...[0m
[1;90m    len = 30, map size = 26, exec speed = 64 us, hash = ed707d43256acdc1
[0m[1;93m[!] [1;97mWARNING: [0mNo new instrumentation output, test case may be useless.[0m
[1;94m[*] [0mAttempting dry run with 'id:000033,time:0,execs:0,orig:id:000122,src:000113+000008,time:18014,execs:205819,op:mutator.so,pos:0'...[0m
[1;90m    len = 37, map size = 26, exec speed = 67 us, hash = ed707d43256acdc1
[0m[1;93m[!] [1;97mWARNING: [0mNo new instrumentation output, test case may be useless.[0m
[1;94m[*] [0mAttempting dry run with 'id:000034,time:0,execs:0,orig:id:000121,src:000116+000041,time:12546,execs:143944,op:mutator.so,pos:0'...[0m
[1;90m    len = 23, map size = 26, exec speed = 63 us, hash = ed707d43256acdc1
[0m[1;93m[!] [1;97mWARNING: [0mNo new instrumentation output, test case may be useless.[0m
[1;94m[*] [0mAttempting dry run with 'id:000035,time:0,execs:0,orig:id:000120,src:000114+000026,time:9292,execs:106646,op:mutator.so,pos:0'...[0m
[1;90m    len = 26, map size = 26, exec speed = 63 us, hash = ed707d43256acdc1
[0m[1;93m[!] [1;97mWARNING: [0mNo new instrumentation output, test case may be useless.[0m
[1;94m[*] [0mAttempting dry run with 'id:000036,time:0,execs:0,orig:id:000119,src:000118+000003,time:6537,execs:75375,op:mutator.so,pos:0'...[0m
[1;90m    len = 15, map size = 26, exec speed = 58 us, hash = 340d758377b05bf1
[0m[1;93m[!] [1;97mWARNING: [0mNo new instrumentation output, test case may be useless.[0m
[1;94m[*] [0mAttempting dry run with 'id:000037,time:0,execs:0,orig:id:000118,src:000023+000107,time:6439,execs:74187,op:mutator.so,pos:0'...[0m
[1;90m    len = 11, map size = 26, exec speed = 56 us, hash = 340d758377b05bf1
[0m[1;93m[!] [1;97mWARNING: [0mNo new instrumentation output, test case may be useless.[0m
[1;94m[*] [0mAttempting dry run with 'id:000038,time:0,execs:0,orig:id:000117,src:000114+000035,time:4370,execs:50537,op:mutator.so,pos:0'...[0m
[1;90m    len = 21, map size = 26, exec speed = 63 us, hash = ed707d43256acdc1
[0m[1;93m[!] [1;97mWARNING: [0mNo new instrumentation output, test case may be useless.[0m
[1;94m[*] [0mAttempting dry run with 'id:000039,time:0,execs:0,orig:id:000116,src:000114+000024,time:4367,execs:50504,op:mutator.so,pos:0'...[0m
[1;90m    len = 13, map size = 26, exec speed = 57 us, hash = 340d758377b05bf1
[0m[1;93m[!] [1;97mWARNING: [0mNo new instrumentation output, test case may be useless.[0m
[1;94m[*] [0mAttempting dry run with 'id:000040,time:0,execs:0,orig:id:000115,src:000102+000030,time:4202,execs:48658,op:mutator.so,pos:0'...[0m
[1;90m    len = 23, map size = 26, exec speed = 62 us, hash = ed707d43256acdc1
[0m[1;93m[!] [1;97mWARNING: [0mNo new instrumentation output, test case may be useless.[0m
[1;94m[*] [0mAttempting dry run with 'id:000041,time:0,execs:0,orig:id:000114,src:000110+000007,time:3532,execs:40744,op:mutator.so,pos:0'...[0m
[1;90m    len = 17, map size = 26, exec speed = 61 us, hash = ed707d43256acdc1
[0m[1;93m[!] [1;97mWARNING: [0mNo new instrumentation output, test case may be useless.[0m
[1;94m[*] [0mAttempting dry run with 'id:000042,time:0,execs:0,orig:id:000113,src:000110+000029,time:3474,execs:40041,op:mutator.so,pos:0'...[0m
[1;90m    len = 28, map size = 26, exec speed = 64 us, hash = ed707d43256acdc1
[0m[1;93m[!] [1;97mWARNING: [0mNo new instrumentation output, test case may be useless.[0m
[1;94m[*] [0mAttempting dry run with 'id:000043,time:0,execs:0,orig:id:000112,src:000110+000038,time:3393,execs:39085,op:mutator.so,pos:0'...[0m
[1;90m    len = 31, map size = 26, exec speed = 65 us, hash = ed707d43256acdc1
[0m[1;93m[!] [1;97mWARNING: [0mNo new instrumentation output, test case may be useless.[0m
[1;94m[*] [0mAttempting dry run with 'id:000044,time:0,execs:0,orig:id:000111,src:000110+000029,time:3392,execs:39068,op:mutator.so,pos:0'...[0m
[1;90m    len = 24, map size = 26, exec speed = 61 us, hash = ed707d43256acdc1
[0m[1;93m[!] [1;97mWARNING: [0mNo new instrumentation output, test case may be useless.[0m
[1;94m[*] [0mAttempting dry run with 'id:000045,time:0,execs:0,orig:id:000110,src:000085+000019,time:3058,execs:35006,op:mutator.so,pos:0,+cov'...[0m
[1;90m    len = 20, map size = 26, exec speed = 69 us, hash = ed707d43256acdc1
[0m[1;93m[!] [1;97mWARNING: [0mNo new instrumentation output, test case may be useless.[0m
[1;94m[*] [0mAttempting dry run with 'id:000046,time:0,execs:0,orig:id:000109,src:000085+000103,time:2342,execs:26305,op:mutator.so,pos:0,+cov'...[0m
[1;90m    len = 11, map size = 26, exec speed = 59 us, hash = 340d758377b05bf1
[0m[1;93m[!] [1;97mWARNING: [0mNo new instrumentation output, test case may be useless.[0m
[1;94m[*] [0mAttempting dry run with 'id:000047,time:0,execs:0,orig:id:000108,src:000085+000089,time:2231,execs:24949,op:mutator.so,pos:0,+cov'...[0m
[1;90m    len = 13, map size = 26, exec speed = 60 us, hash = 340d758377b05bf1
[0m[1;93m[!] [1;97mWARNING: [0mNo new instrumentation output, test case may be useless.[0m
[1;94m[*] [0mAttempting dry run with 'id:000048,time:0,execs:0,orig:id:000107,src:000085+000101,time:1987,execs:21933,op:mutator.so,pos:0,+cov'...[0m
[1;90m    len = 10, map size = 28, exec speed = 59 us, hash = a44a87f430c831f2
[0m[1;94m[*] [0mAttempting dry run with 'id:000049,time:0,execs:0,orig:id:000106,src:000085+000033,time:1836,execs:20063,op:mutator.so,pos:0,+cov'...[0m
[1;90m    len = 16, map size = 26, exec speed = 61 us, hash = 340d758377b05bf1
[0m[1;93m[!] [1;97mWARNING: [0mNo new instrumentation output, test case may be useless.[0m
[1;94m[*] [0mAttempting dry run with 'id:000050,time:0,execs:0,orig:id:000105,src:000085+000008,time:1823,execs:19900,op:mutator.so,pos:0'...[0m
[1;90m    len = 25, map size = 26, exec speed = 64 us, hash = ed707d43256acdc1
[0m[1;93m[!] [1;97mWARNING: [0mNo new instrumentation output, test case may be useless.[0m
[1;94m[*] [0mAttempting dry run with 'id:000051,time:0,execs:0,orig:id:000104,src:000085+000013,time:1814,execs:19785,op:mutator.so,pos:0'...[0m
[1;90m    len = 20, map size = 26, exec speed = 62 us, hash = ed707d43256acdc1
[0m[1;93m[!] [1;97mWARNING: [0mNo new instrumentation output, test case may be useless.[0m
[1;94m[*] [0mAttempting dry run with 'id:000052,time:0,execs:0,orig:id:000103,src:000085+000099,time:1807,execs:19698,op:mutator.so,pos:0'...[0m
[1;90m    len = 19, map size = 26, exec speed = 61 us, hash = ed707d43256acdc1
[0m[1;93m[!] [1;97mWARNING: [0mNo new instrumentation output, test case may be useless.[0m
[1;94m[*] [0mAttempting dry run with 'id:000053,time:0,execs:0,orig:id:000102,src:000085+000023,time:1805,execs:19667,op:mutator.so,pos:0'...[0m
[1;90m    len = 18, map size = 26, exec speed = 60 us, hash = ed707d43256acdc1
[0m[1;93m[!] [1;97mWARNING: [0mNo new instrumentation output, test case may be useless.[0m
[1;94m[*] [0mAttempting dry run with 'id:000054,time:0,execs:0,orig:id:000101,src:000070+000008,time:1692,execs:18471,op:mutator.so,pos:0'...[0m
[1;90m    len = 34, map size = 26, exec speed = 68 us, hash = ed707d43256acdc1
[0m[1;93m[!] [1;97mWARNING: [0mNo new instrumentation output, test case may be useless.[0m
[1;94m[*] [0mAttempting dry run with 'id:000055,time:0,execs:0,orig:id:000100,src:000070+000080,time:1667,execs:18207,op:mutator.so,pos:0'...[0m
[1;90m    len = 37, map size = 28, exec speed = 67 us, hash = 7c6309781897b077
[0m[1;93m[!] [1;97mWARNING: [0mNo new instrumentation output, test case may be useless.[0m
[1;94m[*] [0mAttempting dry run with 'id:000056,time:0,execs:0,orig:id:000099,src:000095+000083,time:1637,execs:17915,op:mutator.so,pos:0'...[0m
[1;90m    len = 29, map size = 28, exec speed = 66 us, hash = 7c6309781897b077
[0m[1;93m[!] [1;97mWARNING: [0mNo new instrumentation output, test case may be useless.[0m
[1;94m[*] [0mAttempting dry run with 'id:000057,time:0,execs:0,orig:id:000098,src:000008+000085,time:737,execs:8101,op:mutator.so,pos:0,+cov'...[0m
[1;90m    len = 12, map size = 28, exec speed = 58 us, hash = a44a87f430c831f2
[0m[1;93m[!] [1;97mWARNING: [0mNo new instrumentation output, test case may be useless.[0m
[1;94m[*] [0mAttempting dry run with 'id:000058,time:0,execs:0,orig:id:000097,src:000008+000057,time:660,execs:7260,op:mutator.so,pos:0,+cov'...[0m
[1;90m    len = 11, map size = 26, exec speed = 57 us, hash = 340d758377b05bf1
[0m[1;93m[!] [1;97mWARNING: [0mNo new instrumentation output, test case may be useless.[0m
[1;94m[*] [0mAttempting dry run with 'id:000059,time:0,execs:0,orig:id:000096,src:000008+000030,time:377,execs:4096,op:mutator.so,pos:0,+cov'...[0m
[1;90m    len = 12, map size = 28, exec speed = 57 us, hash = a44a87f430c831f2
[0m[1;93m[!] [1;97mWARNING: [0mNo new instrumentation output, test case may be useless.[0m
[1;94m[*] [0mAttempting dry run with 'id:000060,time:0,execs:0,orig:id:000095,src:000008+000003,time:258,execs:2951,op:mutator.so,pos:0,+cov'...[0m
[1;90m    len = 24, map size = 28, exec speed = 64 us, hash = 7c6309781897b077
[0m[1;93m[!] [1;97mWARNING: [0mNo new instrumentation output, test case may be useless.[0m
[1;94m[*] [0mAttempting dry run with 'id:000061,time:0,execs:0,orig:id:000094,src:000008+000047,time:229,execs:2699,op:mutator.so,pos:0,+cov'...[0m
[1;90m    len = 13, map size = 28, exec speed = 59 us, hash = a44a87f430c831f2
[0m[1;93m[!] [1;97mWARNING: [0mNo new instrumentation output, test case may be useless.[0m
[1;94m[*] [0mAttempting dry run with 'id:000062,time:0,execs:0,orig:id:000093,src:000008+000056,time:206,execs:2441,op:mutator.so,pos:0,+cov'...[0m
[1;90m    len = 25, map size = 28, exec speed = 64 us, hash = 7c6309781897b077
[0m[1;93m[!] [1;97mWARNING: [0mNo new instrumentation output, test case may be useless.[0m
[1;94m[*] [0mAttempting dry run with 'id:000063,time:0,execs:0,orig:id:000092,src:000008+000088,time:152,execs:1830,op:mutator.so,pos:0,+cov'...[0m
[1;90m    len = 12, map size = 28, exec speed = 59 us, hash = a44a87f430c831f2
[0m[1;93m[!] [1;97mWARNING: [0mNo new instrumentation output, test case may be useless.[0m
[1;94m[*] [0mAttempting dry run with 'id:000064,time:0,execs:0,orig:id:000091,src:000008+000066,time:143,execs:1740,op:mutator.so,pos:0,+cov'...[0m
[1;90m    len = 10, map size = 26, exec speed = 57 us, hash = 340d758377b05bf1
[0m[1;93m[!] [1;97mWARNING: [0mNo new instrumentation output, test case may be useless.[0m
[1;94m[*] [0mAttempting dry run with 'id:000065,time:0,execs:0,orig:id:000090,src:000008+000025,time:136,execs:1662,op:mutator.so,pos:0,+cov'...[0m
[1;90m    len = 27, map size = 28, exec speed = 65 us, hash = 7c6309781897b077
[0m[1;93m[!] [1;97mWARNING: [0mNo new instrumentation output, test case may be useless.[0m
[1;94m[*] [0mAttempting dry run with 'id:000066,time:0,execs:0,orig:id:000089,src:000008+000074,time:129,execs:1584,op:mutator.so,pos:0,+cov'...[0m
[1;90m    len = 12, map size = 26, exec speed = 58 us, hash = 340d758377b05bf1
[0m[1;93m[!] [1;97mWARNING: [0mNo new instrumentation output, test case may be useless.[0m
[1;94m[*] [0mAttempting dry run with 'id:000067,time:0,execs:0,orig:id:000088,src:000008+000022,time:122,execs:1501,op:mutator.so,pos:0,+cov'...[0m
[1;90m    len = 25, map size = 27, exec speed = 64 us, hash = f04c40ac7e42d066
[0m[1;93m[!] [1;97mWARNING: [0mNo new instrumentation output, test case may be useless.[0m
[1;94m[*] [0mAttempting dry run with 'id:000068,time:0,execs:0,orig:id:000087,src:000008+000012,time:114,execs:1416,op:mutator.so,pos:0,+cov'...[0m
[1;90m    len = 24, map size = 27, exec speed = 63 us, hash = f04c40ac7e42d066
[0m[1;93m[!] [1;97mWARNING: [0mNo new instrumentation output, test case may be useless.[0m
[1;94m[*] [0mAttempting dry run with 'id:000069,time:0,execs:0,orig:id:000086,src:000008+000081,time:109,execs:1358,op:mutator.so,pos:0,+cov'...[0m
[1;90m    len = 10, map size = 29, exec speed = 57 us, hash = d74c155f14066dd1
[0m[1;93m[!] [1;97mWARNING: [0mNo new instrumentation output, test case may be useless.[0m
[1;94m[*] [0mAttempting dry run with 'id:000070,time:0,execs:0,orig:id:000085,src:000008+000004,time:105,execs:1309,op:mutator.so,pos:0,+cov'...[0m
[1;90m    len = 12, map size = 26, exec speed = 59 us, hash = 340d758377b05bf1
[0m[1;93m[!] [1;97mWARNING: [0mNo new instrumentation output, test case may be useless.[0m
[1;94m[*] [0mAttempting dry run with 'id:000071,time:0,execs:0,orig:id:000084,src:000008+000012,time:101,execs:1261,op:mutator.so,pos:0,+cov'...[0m
[1;90m    len = 14, map size = 28, exec speed = 59 us, hash = a44a87f430c831f2
[0m[1;93m[!] [1;97mWARNING: [0mNo new instrumentation output, test case may be useless.[0m
[1;94m[*] [0mAttempting dry run with 'id:000072,time:0,execs:0,orig:id:000083,src:000008+000015,time:99,execs:1245,op:mutator.so,pos:0,+cov'...[0m
[1;90m    len = 10, map size = 29, exec speed = 57 us, hash = d74c155f14066dd1
[0m[1;93m[!] [1;97mWARNING: [0mNo new instrumentation output, test case may be useless.[0m
[1;94m[*] [0mAttempting dry run with 'id:000073,time:0,execs:0,orig:id:000082,src:000008+000067,time:97,execs:1212,op:mutator.so,pos:0,+cov'...[0m
[1;90m    len = 27, map size = 28, exec speed = 65 us, hash = 7c6309781897b077
[0m[1;93m[!] [1;97mWARNING: [0mNo new instrumentation output, test case may be useless.[0m
[1;94m[*] [0mAttempting dry run with 'id:000074,time:0,execs:0,orig:id:000081,src:000008+000050,time:96,execs:1197,op:mutator.so,pos:0,+cov'...[0m
[1;90m    len = 29, map size = 29, exec speed = 68 us, hash = b36f86ca92c5e1d3
[0m[1;93m[!] [1;97mWARNING: [0mNo new instrumentation output, test case may be useless.[0m
[1;94m[*] [0mAttempting dry run with 'id:000075,time:0,execs:0,orig:id:000080,src:000008+000024,time:83,execs:1058,op:mutator.so,pos:0,+cov'...[0m
[1;90m    len = 11, map size = 28, exec speed = 58 us, hash = a44a87f430c831f2
[0m[1;93m[!] [1;97mWARNING: [0mNo new instrumentation output, test case may be useless.[0m
[1;94m[*] [0mAttempting dry run with 'id:000076,time:0,execs:0,orig:id:000079,src:000008+000062,time:82,execs:1045,op:mutator.so,pos:0,+cov'...[0m
[1;90m    len = 8, map size = 28, exec speed = 57 us, hash = e1df97e9bb256b26
[0m[1;93m[!] [1;97mWARNING: [0mNo new instrumentation output, test case may be useless.[0m
[1;94m[*] [0mAttempting dry run with 'id:000077,time:0,execs:0,orig:id:000078,src:000008+000019,time:80,execs:1022,op:mutator.so,pos:0,+cov'...[0m
[1;90m    len = 28, map size = 28, exec speed = 65 us, hash = 7c6309781897b077
[0m[1;93m[!] [1;97mWARNING: [0mNo new instrumentation output, test case may be useless.[0m
[1;94m[*] [0mAttempting dry run with 'id:000078,time:0,execs:0,orig:id:000077,src:000008+000063,time:76,execs:979,op:mutator.so,pos:0,+cov'...[0m
[1;90m    len = 26, map size = 28, exec speed = 65 us, hash = 7c6309781897b077
[0m[1;93m[!] [1;97mWARNING: [0mNo new instrumentation output, test case may be useless.[0m
[1;94m[*] [0mAttempting dry run with 'id:000079,time:0,execs:0,orig:id:000076,src:000008+000067,time:76,execs:970,op:mutator.so,pos:0,+cov'...[0m
[1;90m    len = 15, map size = 28, exec speed = 58 us, hash = a44a87f430c831f2
[0m[1;93m[!] [1;97mWARNING: [0mNo new instrumentation output, test case may be useless.[0m
[1;94m[*] [0mAttempting dry run with 'id:000080,time:0,execs:0,orig:id:000075,src:000008+000012,time:74,execs:948,op:mutator.so,pos:0,+cov'...[0m
[1;90m    len = 26, map size = 26, exec speed = 64 us, hash = ed707d43256acdc1
[0m[1;93m[!] [1;97mWARNING: [0mNo new instrumentation output, test case may be useless.[0m
[1;94m[*] [0mAttempting dry run with 'id:000081,time:0,execs:0,orig:id:000074,src:000008+000003,time:72,execs:929,op:mutator.so,pos:0,+cov'...[0m
[1;90m    len = 11, map size = 28, exec speed = 58 us, hash = a44a87f430c831f2
[0m[1;93m[!] [1;97mWARNING: [0mNo new instrumentation output, test case may be useless.[0m
[1;94m[*] [0mAttempting dry run with 'id:000082,time:0,execs:0,orig:id:000073,src:000008+000044,time:65,execs:851,op:mutator.so,pos:0,+cov'...[0m
[1;90m    len = 29, map size = 28, exec speed = 65 us, hash = 7c6309781897b077
[0m[1;93m[!] [1;97mWARNING: [0mNo new instrumentation output, test case may be useless.[0m
[1;94m[*] [0mAttempting dry run with 'id:000083,time:0,execs:0,orig:id:000072,src:000008+000070,time:64,execs:838,op:mutator.so,pos:0,+cov'...[0m
[1;90m    len = 14, map size = 28, exec speed = 60 us, hash = a44a87f430c831f2
[0m[1;93m[!] [1;97mWARNING: [0mNo new instrumentation output, test case may be useless.[0m
[1;94m[*] [0mAttempting dry run with 'id:000084,time:0,execs:0,orig:id:000071,src:000008+000006,time:63,execs:824,op:mutator.so,pos:0,+cov'...[0m
[1;90m    len = 25, map size = 28, exec speed = 62 us, hash = 7c6309781897b077
[0m[1;93m[!] [1;97mWARNING: [0mNo new instrumentation output, test case may be useless.[0m
[1;94m[*] [0mAttempting dry run with 'id:000085,time:0,execs:0,orig:id:000070,src:000008+000003,time:62,execs:816,op:mutator.so,pos:0,+cov'...[0m
[1;90m    len = 25, map size = 26, exec speed = 65 us, hash = ed707d43256acdc1
[0m[1;93m[!] [1;97mWARNING: [0mNo new instrumentation output, test case may be useless.[0m
[1;94m[*] [0mAttempting dry run with 'id:000086,time:0,execs:0,orig:id:000069,src:000008+000042,time:62,execs:806,op:mutator.so,pos:0,+cov'...[0m
[1;90m    len = 27, map size = 28, exec speed = 64 us, hash = 7c6309781897b077
[0m[1;93m[!] [1;97mWARNING: [0mNo new instrumentation output, test case may be useless.[0m
[1;94m[*] [0mAttempting dry run with 'id:000087,time:0,execs:0,orig:id:000068,src:000008+000027,time:61,execs:796,op:mutator.so,pos:0,+cov'...[0m
[1;90m    len = 12, map size = 28, exec speed = 59 us, hash = a44a87f430c831f2
[0m[1;93m[!] [1;97mWARNING: [0mNo new instrumentation output, test case may be useless.[0m
[1;94m[*] [0mAttempting dry run with 'id:000088,time:0,execs:0,orig:id:000067,src:000008+000010,time:60,execs:781,op:mutator.so,pos:0,+cov'...[0m
[1;90m    len = 12, map size = 29, exec speed = 56 us, hash = d74c155f14066dd1
[0m[1;93m[!] [1;97mWARNING: [0mNo new instrumentation output, test case may be useless.[0m
[1;94m[*] [0mAttempting dry run with 'id:000089,time:0,execs:0,orig:id:000066,src:000008+000009,time:57,execs:747,op:mutator.so,pos:0,+cov'...[0m
[1;90m    len = 12, map size = 28, exec speed = 58 us, hash = a44a87f430c831f2
[0m[1;93m[!] [1;97mWARNING: [0mNo new instrumentation output, test case may be useless.[0m
[1;94m[*] [0mAttempting dry run with 'id:000090,time:0,execs:0,orig:id:000065,src:000008+000037,time:56,execs:739,op:mutator.so,pos:0,+cov'...[0m
[1;90m    len = 12, map size = 28, exec speed = 59 us, hash = a44a87f430c831f2
[0m[1;93m[!] [1;97mWARNING: [0mNo new instrumentation output, test case may be useless.[0m
[1;94m[*] [0mAttempting dry run with 'id:000091,time:0,execs:0,orig:id:000064,src:000008+000014,time:56,execs:729,op:mutator.so,pos:0,+cov'...[0m
[1;90m    len = 12, map size = 28, exec speed = 56 us, hash = a44a87f430c831f2
[0m[1;93m[!] [1;97mWARNING: [0mNo new instrumentation output, test case may be useless.[0m
[1;94m[*] [0mAttempting dry run with 'id:000092,time:0,execs:0,orig:id:000063,src:000008+000011,time:54,execs:708,op:mutator.so,pos:0,+cov'...[0m
[1;90m    len = 23, map size = 28, exec speed = 63 us, hash = 7c6309781897b077
[0m[1;93m[!] [1;97mWARNING: [0mNo new instrumentation output, test case may be useless.[0m
[1;94m[*] [0mAttempting dry run with 'id:000093,time:0,execs:0,orig:id:000062,src:000008+000019,time:53,execs:697,op:mutator.so,pos:0,+cov'...[0m
[1;90m    len = 13, map size = 29, exec speed = 60 us, hash = d74c155f14066dd1
[0m[1;93m[!] [1;97mWARNING: [0mNo new instrumentation output, test case may be useless.[0m
[1;94m[*] [0mAttempting dry run with 'id:000094,time:0,execs:0,orig:id:000061,src:000008+000027,time:52,execs:681,op:mutator.so,pos:0,+cov'...[0m
[1;90m    len = 12, map size = 28, exec speed = 58 us, hash = a44a87f430c831f2
[0m[1;93m[!] [1;97mWARNING: [0mNo new instrumentation output, test case may be useless.[0m
[1;94m[*] [0mAttempting dry run with 'id:000095,time:0,execs:0,orig:id:000060,src:000008+000035,time:51,execs:666,op:mutator.so,pos:0,+cov'...[0m
[1;90m    len = 11, map size = 28, exec speed = 57 us, hash = a44a87f430c831f2
[0m[1;93m[!] [1;97mWARNING: [0mNo new instrumentation output, test case may be useless.[0m
[1;94m[*] [0mAttempting dry run with 'id:000096,time:0,execs:0,orig:id:000059,src:000008+000006,time:50,execs:655,op:mutator.so,pos:0,+cov'...[0m
[1;90m    len = 16, map size = 28, exec speed = 58 us, hash = a44a87f430c831f2
[0m[1;93m[!] [1;97mWARNING: [0mNo new instrumentation output, test case may be useless.[0m
[1;94m[*] [0mAttempting dry run with 'id:000097,time:0,execs:0,orig:id:000058,src:000008+000044,time:49,execs:646,op:mutator.so,pos:0,+cov'...[0m
[1;90m    len = 16, map size = 29, exec speed = 61 us, hash = d74c155f14066dd1
[0m[1;93m[!] [1;97mWARNING: [0mNo new instrumentation output, test case may be useless.[0m
[1;94m[*] [0mAttempting dry run with 'id:000098,time:0,execs:0,orig:id:000057,src:000008+000018,time:48,execs:629,op:mutator.so,pos:0,+cov'...[0m
[1;90m    len = 13, map size = 28, exec speed = 59 us, hash = a44a87f430c831f2
[0m[1;93m[!] [1;97mWARNING: [0mNo new instrumentation output, test case may be useless.[0m
[1;94m[*] [0mAttempting dry run with 'id:000099,time:0,execs:0,orig:id:000056,src:000008+000009,time:46,execs:603,op:mutator.so,pos:0,+cov'...[0m
[1;90m    len = 14, map size = 28, exec speed = 59 us, hash = a44a87f430c831f2
[0m[1;93m[!] [1;97mWARNING: [0mNo new instrumentation output, test case may be useless.[0m
[1;94m[*] [0mAttempting dry run with 'id:000100,time:0,execs:0,orig:id:000055,src:000008+000010,time:44,execs:583,op:mutator.so,pos:0,+cov'...[0m
[1;90m    len = 12, map size = 29, exec speed = 57 us, hash = d74c155f14066dd1
[0m[1;93m[!] [1;97mWARNING: [0mNo new instrumentation output, test case may be useless.[0m
[1;94m[*] [0mAttempting dry run with 'id:000101,time:0,execs:0,orig:id:000054,src:000008+000011,time:43,execs:572,op:mutator.so,pos:0,+cov'...[0m
[1;90m    len = 26, map size = 28, exec speed = 64 us, hash = 7c6309781897b077
[0m[1;93m[!] [1;97mWARNING: [0mNo new instrumentation output, test case may be useless.[0m
[1;94m[*] [0mAttempting dry run with 'id:000102,time:0,execs:0,orig:id:000053,src:000008+000023,time:42,execs:561,op:mutator.so,pos:0,+cov'...[0m
[1;90m    len = 13, map size = 28, exec speed = 58 us, hash = a44a87f430c831f2
[0m[1;93m[!] [1;97mWARNING: [0mNo new instrumentation output, test case may be useless.[0m
[1;94m[*] [0mAttempting dry run with 'id:000103,time:0,execs:0,orig:id:000052,src:000008+000009,time:42,execs:552,op:mutator.so,pos:0,+cov'...[0m
[1;90m    len = 12, map size = 26, exec speed = 57 us, hash = 340d758377b05bf1
[0m[1;93m[!] [1;97mWARNING: [0mNo new instrumentation output, test case may be useless.[0m
[1;94m[*] [0mAttempting dry run with 'id:000104,time:0,execs:0,orig:id:000051,src:000008+000005,time:41,execs:542,op:mutator.so,pos:0,+cov'...[0m
[1;90m    len = 26, map size = 28, exec speed = 64 us, hash = 7c6309781897b077
[0m[1;93m[!] [1;97mWARNING: [0mNo new instrumentation output, test case may be useless.[0m
[1;94m[*] [0mAttempting dry run with 'id:000105,time:0,execs:0,orig:id:000050,src:000008+000036,time:40,execs:532,op:mutator.so,pos:0,+cov'...[0m
[1;90m    len = 9, map size = 26, exec speed = 56 us, hash = 340d758377b05bf1
[0m[1;93m[!] [1;97mWARNING: [0mNo new instrumentation output, test case may be useless.[0m
[1;94m[*] [0mAttempting dry run with 'id:000106,time:0,execs:0,orig:id:000049,src:000008+000042,time:36,execs:489,op:mutator.so,pos:0,+cov'...[0m
[1;90m    len = 14, map size = 28, exec speed = 59 us, hash = a44a87f430c831f2
[0m[1;93m[!] [1;97mWARNING: [0mNo new instrumentation output, test case may be useless.[0m
[1;94m[*] [0mAttempting dry run with 'id:000107,time:0,execs:0,orig:id:000048,src:000008+000029,time:36,execs:478,op:mutator.so,pos:0,+cov'...[0m
[1;90m    len = 14, map size = 28, exec speed = 59 us, hash = a44a87f430c831f2
[0m[1;93m[!] [1;97mWARNING: [0mNo new instrumentation output, test case may be useless.[0m
[1;94m[*] [0mAttempting dry run with 'id:000108,time:0,execs:0,orig:id:000047,src:000008+000042,time:34,execs:461,op:mutator.so,pos:0,+cov'...[0m
[1;90m    len = 23, map size = 29, exec speed = 62 us, hash = b36f86ca92c5e1d3
[0m[1;93m[!] [1;97mWARNING: [0mNo new instrumentation output, test case may be useless.[0m
[1;94m[*] [0mAttempting dry run with 'id:000109,time:0,execs:0,orig:id:000046,src:000008+000017,time:34,execs:451,op:mutator.so,pos:0,+cov'...[0m
[1;90m    len = 27, map size = 28, exec speed = 64 us, hash = 7c6309781897b077
[0m[1;93m[!] [1;97mWARNING: [0mNo new instrumentation output, test case may be useless.[0m
[1;94m[*] [0mAttempting dry run with 'id:000110,time:0,execs:0,orig:id:000045,src:000008+000040,time:32,execs:429,op:mutator.so,pos:0,+cov'...[0m
[1;90m    len = 13, map size = 28, exec speed = 57 us, hash = a44a87f430c831f2
[0m[1;93m[!] [1;97mWARNING: [0mNo new instrumentation output, test case may be useless.[0m
[1;94m[*] [0mAttempting dry run with 'id:000111,time:0,execs:0,orig:id:000044,src:000008+000024,time:31,execs:417,op:mutator.so,pos:0,+cov'...[0m
[1;90m    len = 14, map size = 28, exec speed = 60 us, hash = a44a87f430c831f2
[0m[1;93m[!] [1;97mWARNING: [0mNo new instrumentation output, test case may be useless.[0m
[1;94m[*] [0mAttempting dry run with 'id:000112,time:0,execs:0,orig:id:000043,src:000008+000003,time:30,execs:409,op:mutator.so,pos:0,+cov'...[0m
[1;90m    len = 11, map size = 26, exec speed = 58 us, hash = 340d758377b05bf1
[0m[1;93m[!] [1;97mWARNING: [0mNo new instrumentation output, test case may be useless.[0m
[1;94m[*] [0mAttempting dry run with 'id:000113,time:0,execs:0,orig:id:000042,src:000008+000017,time:29,execs:393,op:mutator.so,pos:0,+cov'...[0m
[1;90m    len = 15, map size = 28, exec speed = 61 us, hash = a44a87f430c831f2
[0m[1;93m[!] [1;97mWARNING: [0mNo new instrumentation output, test case may be useless.[0m
[1;94m[*] [0mAttempting dry run with 'id:000114,time:0,execs:0,orig:id:000041,src:000008+000028,time:28,execs:382,op:mutator.so,pos:0,+cov'...[0m
[1;90m    len = 13, map size = 28, exec speed = 61 us, hash = a44a87f430c831f2
[0m[1;93m[!] [1;97mWARNING: [0mNo new instrumentation output, test case may be useless.[0m
[1;94m[*] [0mAttempting dry run with 'id:000115,time:0,execs:0,orig:id:000040,src:000008+000025,time:27,execs:368,op:mutator.so,pos:0,+cov'...[0m
[1;90m    len = 14, map size = 28, exec speed = 60 us, hash = a44a87f430c831f2
[0m[1;93m[!] [1;97mWARNING: [0mNo new instrumentation output, test case may be useless.[0m
[1;94m[*] [0mAttempting dry run with 'id:000116,time:0,execs:0,orig:id:000039,src:000008+000038,time:26,execs:360,op:mutator.so,pos:0,+cov'...[0m
[1;90m    len = 12, map size = 28, exec speed = 58 us, hash = a44a87f430c831f2
[0m[1;93m[!] [1;97mWARNING: [0mNo new instrumentation output, test case may be useless.[0m
[1;94m[*] [0mAttempting dry run with 'id:000117,time:0,execs:0,orig:id:000038,src:000008+000001,time:26,execs:351,op:mutator.so,pos:0,+cov'...[0m
[1;90m    len = 28, map size = 28, exec speed = 65 us, hash = 7c6309781897b077
[0m[1;93m[!] [1;97mWARNING: [0mNo new instrumentation output, test case may be useless.[0m
[1;94m[*] [0mAttempting dry run with 'id:000118,time:0,execs:0,orig:id:000037,src:000008+000015,time:25,execs:339,op:mutator.so,pos:0,+cov'...[0m
[1;90m    len = 14, map size = 28, exec speed = 61 us, hash = a44a87f430c831f2
[0m[1;93m[!] [1;97mWARNING: [0mNo new instrumentation output, test case may be useless.[0m
[1;94m[*] [0mAttempting dry run with 'id:000119,time:0,execs:0,orig:id:000036,src:000008+000022,time:23,execs:324,op:mutator.so,pos:0,+cov'...[0m
[1;90m    len = 27, map size = 26, exec speed = 65 us, hash = ed707d43256acdc1
[0m[1;93m[!] [1;97mWARNING: [0mNo new instrumentation output, test case may be useless.[0m
[1;94m[*] [0mAttempting dry run with 'id:000120,time:0,execs:0,orig:id:000035,src:000008+000030,time:23,execs:316,op:mutator.so,pos:0,+cov'...[0m
[1;90m    len = 12, map size = 29, exec speed = 59 us, hash = d74c155f14066dd1
[0m[1;93m[!] [1;97mWARNING: [0mNo new instrumentation output, test case may be useless.[0m
[1;94m[*] [0mAttempting dry run with 'id:000121,time:0,execs:0,orig:id:000034,src:000008+000004,time:22,execs:306,op:mutator.so,pos:0,+cov'...[0m
[1;90m    len = 12, map size = 29, exec speed = 59 us, hash = d74c155f14066dd1
[0m[1;93m[!] [1;97mWARNING: [0mNo new instrumentation output, test case may be useless.[0m
[1;94m[*] [0mAttempting dry run with 'id:000122,time:0,execs:0,orig:id:000033,src:000008+000032,time:21,execs:296,op:mutator.so,pos:0,+cov'...[0m
[1;90m    len = 12, map size = 28, exec speed = 59 us, hash = a44a87f430c831f2
[0m[1;93m[!] [1;97mWARNING: [0mNo new instrumentation output, test case may be useless.[0m
[1;94m[*] [0mAttempting dry run with 'id:000123,time:0,execs:0,orig:id:000032,src:000008+000001,time:20,execs:279,op:mutator.so,pos:0,+cov'...[0m
[1;90m    len = 27, map size = 28, exec speed = 66 us, hash = 7c6309781897b077
[0m[1;93m[!] [1;97mWARNING: [0mNo new instrumentation output, test case may be useless.[0m
[1;94m[*] [0mAttempting dry run with 'id:000124,time:0,execs:0,orig:id:000031,src:000008+000025,time:19,execs:271,op:mutator.so,pos:0,+cov'...[0m
[1;90m    len = 28, map size = 29, exec speed = 67 us, hash = b36f86ca92c5e1d3
[0m[1;93m[!] [1;97mWARNING: [0mNo new instrumentation output, test case may be useless.[0m
[1;94m[*] [0mAttempting dry run with 'id:000125,time:0,execs:0,orig:id:000030,src:000000+000013,time:18,execs:256,op:mutator.so,pos:0,+cov'...[0m
[1;90m    len = 12, map size = 29, exec speed = 59 us, hash = d74c155f14066dd1
[0m[1;93m[!] [1;97mWARNING: [0mNo new instrumentation output, test case may be useless.[0m
[1;94m[*] [0mAttempting dry run with 'id:000126,time:0,execs:0,orig:id:000029,src:000000+000024,time:17,execs:247,op:mutator.so,pos:0,+cov'...[0m
[1;90m    len = 11, map size = 28, exec speed = 58 us, hash = a44a87f430c831f2
[0m[1;93m[!] [1;97mWARNING: [0mNo new instrumentation output, test case may be useless.[0m
[1;94m[*] [0mAttempting dry run with 'id:000127,time:0,execs:0,orig:id:000028,src:000000+000006,time:17,execs:239,op:mutator.so,pos:0,+cov'...[0m
[1;90m    len = 12, map size = 28, exec speed = 60 us, hash = a44a87f430c831f2
[0m[1;93m[!] [1;97mWARNING: [0mNo new instrumentation output, test case may be useless.[0m
[1;94m[*] [0mAttempting dry run with 'id:000128,time:0,execs:0,orig:id:000027,src:000000+000019,time:16,execs:228,op:mutator.so,pos:0,+cov'...[0m
[1;90m    len = 10, map size = 28, exec speed = 57 us, hash = a44a87f430c831f2
[0m[1;93m[!] [1;97mWARNING: [0mNo new instrumentation output, test case may be useless.[0m
[1;94m[*] [0mAttempting dry run with 'id:000129,time:0,execs:0,orig:id:000026,src:000000+000025,time:15,execs:215,op:mutator.so,pos:0,+cov'...[0m
[1;90m    len = 10, map size = 28, exec speed = 57 us, hash = a44a87f430c831f2
[0m[1;93m[!] [1;97mWARNING: [0mNo new instrumentation output, test case may be useless.[0m
[1;94m[*] [0mAttempting dry run with 'id:000130,time:0,execs:0,orig:id:000025,src:000000+000019,time:15,execs:207,op:mutator.so,pos:0,+cov'...[0m
[1;90m    len = 14, map size = 28, exec speed = 59 us, hash = a44a87f430c831f2
[0m[1;93m[!] [1;97mWARNING: [0mNo new instrumentation output, test case may be useless.[0m
[1;94m[*] [0mAttempting dry run with 'id:000131,time:0,execs:0,orig:id:000024,src:000000+000008,time:14,execs:199,op:mutator.so,pos:0,+cov'...[0m
[1;90m    len = 14, map size = 28, exec speed = 60 us, hash = a44a87f430c831f2
[0m[1;93m[!] [1;97mWARNING: [0mNo new instrumentation output, test case may be useless.[0m
[1;94m[*] [0mAttempting dry run with 'id:000132,time:0,execs:0,orig:id:000023,src:000000+000001,time:14,execs:191,op:mutator.so,pos:0,+cov'...[0m
[1;90m    len = 7, map size = 26, exec speed = 55 us, hash = 55dbc25f819fecde
[0m[1;93m[!] [1;97mWARNING: [0mNo new instrumentation output, test case may be useless.[0m
[1;94m[*] [0mAttempting dry run with 'id:000133,time:0,execs:0,orig:id:000022,src:000000+000011,time:13,execs:183,op:mutator.so,pos:0,+cov'...[0m
[1;90m    len = 12, map size = 26, exec speed = 58 us, hash = 340d758377b05bf1
[0m[1;93m[!] [1;97mWARNING: [0mNo new instrumentation output, test case may be useless.[0m
[1;94m[*] [0mAttempting dry run with 'id:000134,time:0,execs:0,orig:id:000021,src:000000+000012,time:13,execs:174,op:mutator.so,pos:0,+cov'...[0m
[1;90m    len = 10, map size = 28, exec speed = 58 us, hash = a44a87f430c831f2
[0m[1;93m[!] [1;97mWARNING: [0mNo new instrumentation output, test case may be useless.[0m
[1;94m[*] [0mAttempting dry run with 'id:000135,time:0,execs:0,orig:id:000020,src:000000+000013,time:12,execs:165,op:mutator.so,pos:0,+cov'...[0m
[1;90m    len = 14, map size = 28, exec speed = 59 us, hash = a44a87f430c831f2
[0m[1;93m[!] [1;97mWARNING: [0mNo new instrumentation output, test case may be useless.[0m
[1;94m[*] [0mAttempting dry run with 'id:000136,time:0,execs:0,orig:id:000019,src:000000+000009,time:11,execs:155,op:mutator.so,pos:0'...[0m
[1;90m    len = 13, map size = 29, exec speed = 58 us, hash = d74c155f14066dd1
[0m[1;93m[!] [1;97mWARNING: [0mNo new instrumentation output, test case may be useless.[0m
[1;94m[*] [0mAttempting dry run with 'id:000137,time:0,execs:0,orig:id:000018,src:000000+000001,time:11,execs:147,op:mutator.so,pos:0,+cov'...[0m
[1;90m    len = 12, map size = 28, exec speed = 57 us, hash = a44a87f430c831f2
[0m[1;93m[!] [1;97mWARNING: [0mNo new instrumentation output, test case may be useless.[0m
[1;94m[*] [0mAttempting dry run with 'id:000138,time:0,execs:0,orig:id:000017,src:000000+000016,time:10,execs:139,op:mutator.so,pos:0,+cov'...[0m
[1;90m    len = 12, map size = 28, exec speed = 58 us, hash = a44a87f430c831f2
[0m[1;93m[!] [1;97mWARNING: [0mNo new instrumentation output, test case may be useless.[0m
[1;94m[*] [0mAttempting dry run with 'id:000139,time:0,execs:0,orig:id:000016,src:000000+000005,time:10,execs:130,op:mutator.so,pos:0,+cov'...[0m
[1;90m    len = 16, map size = 28, exec speed = 60 us, hash = a44a87f430c831f2
[0m[1;93m[!] [1;97mWARNING: [0mNo new instrumentation output, test case may be useless.[0m
[1;94m[*] [0mAttempting dry run with 'id:000140,time:0,execs:0,orig:id:000015,src:000000+000010,time:9,execs:122,op:mutator.so,pos:0,+cov'...[0m
[1;90m    len = 12, map size = 29, exec speed = 58 us, hash = d74c155f14066dd1
[0m[1;93m[!] [1;97mWARNING: [0mNo new instrumentation output, test case may be useless.[0m
[1;94m[*] [0mAttempting dry run with 'id:000141,time:0,execs:0,orig:id:000014,src:000000+000005,time:9,execs:114,op:mutator.so,pos:0,+cov'...[0m
[1;90m    len = 14, map size = 28, exec speed = 60 us, hash = a44a87f430c831f2
[0m[1;93m[!] [1;97mWARNING: [0mNo new instrumentation output, test case may be useless.[0m
[1;94m[*] [0mAttempting dry run with 'id:000142,time:0,execs:0,orig:id:000013,src:000000+000003,time:8,execs:106,op:mutator.so,pos:0,+cov'...[0m
[1;90m    len = 14, map size = 26, exec speed = 59 us, hash = 340d758377b05bf1
[0m[1;93m[!] [1;97mWARNING: [0mNo new instrumentation output, test case may be useless.[0m
[1;94m[*] [0mAttempting dry run with 'id:000143,time:0,execs:0,orig:id:000012,src:000000+000002,time:8,execs:98,op:mutator.so,pos:0,+cov'...[0m
[1;90m    len = 12, map size = 28, exec speed = 57 us, hash = a44a87f430c831f2
[0m[1;93m[!] [1;97mWARNING: [0mNo new instrumentation output, test case may be useless.[0m
[1;94m[*] [0mAttempting dry run with 'id:000144,time:0,execs:0,orig:id:000011,src:000000+000002,time:7,execs:89,op:mutator.so,pos:0,+cov'...[0m
[1;90m    len = 14, map size = 28, exec speed = 59 us, hash = a44a87f430c831f2
[0m[1;93m[!] [1;97mWARNING: [0mNo new instrumentation output, test case may be useless.[0m
[1;94m[*] [0mAttempting dry run with 'id:000145,time:0,execs:0,orig:id:000010,src:000000+000003,time:6,execs:80,op:mutator.so,pos:0'...[0m
[1;90m    len = 13, map size = 28, exec speed = 58 us, hash = a44a87f430c831f2
[0m[1;93m[!] [1;97mWARNING: [0mNo new instrumentation output, test case may be useless.[0m
[1;94m[*] [0mAttempting dry run with 'id:000146,time:0,execs:0,orig:id:000009,src:000000+000005,time:6,execs:72,op:mutator.so,pos:0,+cov'...[0m
[1;90m    len = 13, map size = 28, exec speed = 59 us, hash = a44a87f430c831f2
[0m[1;93m[!] [1;97mWARNING: [0mNo new instrumentation output, test case may be useless.[0m
[1;94m[*] [0mAttempting dry run with 'id:000147,time:0,execs:0,orig:id:000008,src:000000+000001,time:5,execs:64,op:mutator.so,pos:0,+cov'...[0m
[1;90m    len = 16, map size = 29, exec speed = 60 us, hash = d74c155f14066dd1
[0m[1;93m[!] [1;97mWARNING: [0mNo new instrumentation output, test case may be useless.[0m
[1;94m[*] [0mAttempting dry run with 'id:000148,time:0,execs:0,orig:id:000007,src:000000+000003,time:5,execs:56,op:mutator.so,pos:0,+cov'...[0m
[1;90m    len = 14, map size = 29, exec speed = 61 us, hash = d74c155f14066dd1
[0m[1;93m[!] [1;97mWARNING: [0mNo new instrumentation output, test case may be useless.[0m
[1;94m[*] [0mAttempting dry run with 'id:000149,time:0,execs:0,orig:id:000006,src:000000+000004,time:4,execs:48,op:mutator.so,pos:0,+cov'...[0m
[1;90m    len = 12, map size = 29, exec speed = 57 us, hash = d74c155f14066dd1
[0m[1;93m[!] [1;97mWARNING: [0mNo new instrumentation output, test case may be useless.[0m
[1;94m[*] [0mAttempting dry run with 'id:000150,time:0,execs:0,orig:id:000005,src:000000+000002,time:4,execs:40,op:mutator.so,pos:0,+cov'...[0m
[1;90m    len = 13, map size = 28, exec speed = 59 us, hash = a44a87f430c831f2
[0m[1;93m[!] [1;97mWARNING: [0mNo new instrumentation output, test case may be useless.[0m
[1;94m[*] [0mAttempting dry run with 'id:000151,time:0,execs:0,orig:id:000004,src:000000+000003,time:3,execs:32,op:mutator.so,pos:0,+cov'...[0m
[1;90m    len = 11, map size = 27, exec speed = 57 us, hash = 4c10574bfe535bd1
[0m[1;93m[!] [1;97mWARNING: [0mNo new instrumentation output, test case may be useless.[0m
[1;94m[*] [0mAttempting dry run with 'id:000152,time:0,execs:0,orig:id:000003,src:000000+000001,time:3,execs:24,op:mutator.so,pos:0,+cov'...[0m
[1;90m    len = 14, map size = 28, exec speed = 58 us, hash = a44a87f430c831f2
[0m[1;93m[!] [1;97mWARNING: [0mNo new instrumentation output, test case may be useless.[0m
[1;94m[*] [0mAttempting dry run with 'id:000153,time:0,execs:0,orig:id:000002,src:000000,time:2,execs:16,op:mutator.so,pos:0,+cov'...[0m
[1;90m    len = 12, map size = 28, exec speed = 59 us, hash = a44a87f430c831f2
[0m[1;93m[!] [1;97mWARNING: [0mNo new instrumentation output, test case may be useless.[0m
[1;94m[*] [0mAttempting dry run with 'id:000154,time:0,execs:0,orig:id:000001,src:000000,time:1,execs:8,op:mutator.so,pos:0,+cov'...[0m
[1;90m    len = 12, map size = 28, exec speed = 57 us, hash = a44a87f430c831f2
[0m[1;93m[!] [1;97mWARNING: [0mNo new instrumentation output, test case may be useless.[0m
[1;94m[*] [0mAttempting dry run with 'id:000155,time:0,execs:0,orig:test.bin'...[0m
[1;93m[!] [1;97mWARNING: [0minstability detected during calibration[0m
[1;90m    len = 3, map size = 24, exec speed = 49 us, hash = c8e8a5921253693c
[0m[1;93m[!] [1;97mWARNING: [0mInstrumentation output varies across runs.[0m
[1;94m[*] [0mAttempting dry run with 'id:000156,time:0,execs:0,orig:id:000140,src:000116,time:11329001,execs:984,op:havoc,rep:8,+cov'...[0m
[1;90m    len = 11, map size = 25, exec speed = 52 us, hash = eb96a66e7826977d
[0m[1;94m[*] [0mAttempting dry run with 'id:000157,time:0,execs:0,orig:id:000141,src:000116,time:11329002,execs:992,op:havoc,rep:11,+cov'...[0m
[1;90m    len = 51, map size = 26, exec speed = 62 us, hash = 9586cac32090d67e
[0m[1;94m[*] [0mAttempting dry run with 'id:000158,time:0,execs:0,orig:id:000142,src:000116,time:11330027,execs:1002,op:havoc,rep:13,+cov'...[0m
[1;90m    len = 12, map size = 22, exec speed = 52 us, hash = 467b49e18c4e11cf
[0m[1;94m[*] [0mAttempting dry run with 'id:000159,time:0,execs:0,orig:id:000143,src:000116,time:11330027,execs:1011,op:havoc,rep:4,+cov'...[0m
[1;90m    len = 12, map size = 20, exec speed = 52 us, hash = 382812bb15c04724
[0m[1;94m[*] [0mAttempting dry run with 'id:000160,time:0,execs:0,orig:id:000144,src:000116,time:11330028,execs:1019,op:havoc,rep:11,+cov'...[0m
[1;90m    len = 7, map size = 15, exec speed = 50 us, hash = ec1a15a790979ed0
[0m[1;94m[*] [0mAttempting dry run with 'id:000161,time:0,execs:0,orig:id:000145,src:000116,time:11331052,execs:1030,op:havoc,rep:10,+cov'...[0m
[1;90m    len = 10, map size = 22, exec speed = 52 us, hash = 622cab10e13ed942
[0m[1;94m[*] [0mAttempting dry run with 'id:000162,time:0,execs:0,orig:id:000146,src:000116,time:11331054,execs:1038,op:havoc,rep:8'...[0m
[1;90m    len = 17, map size = 26, exec speed = 55 us, hash = e8374f94d403f406
[0m[1;94m[*] [0mAttempting dry run with 'id:000163,time:0,execs:0,orig:id:000147,src:000116,time:11331076,execs:1047,op:havoc,rep:2,+cov'...[0m
[1;90m    len = 7, map size = 37, exec speed = 59 us, hash = 02acca5ed47df500
[0m[1;94m[*] [0mAttempting dry run with 'id:000164,time:0,execs:0,orig:id:000148,src:000116,time:11331077,execs:1055,op:havoc,rep:16,+cov'...[0m
[1;90m    len = 82, map size = 13, exec speed = 60 us, hash = fca7e57c7f82d81b
[0m[1;93m[!] [1;97mWARNING: [0mNo new instrumentation output, test case may be useless.[0m
[1;94m[*] [0mAttempting dry run with 'id:000165,time:0,execs:0,orig:id:000149,src:000116,time:11331078,execs:1064,op:havoc,rep:12,+cov'...[0m
[1;90m    len = 17, map size = 23, exec speed = 56 us, hash = 081f4ba8c8f9b1c8
[0m[1;94m[*] [0mAttempting dry run with 'id:000166,time:0,execs:0,orig:id:000150,src:000116,time:11331080,execs:1081,op:havoc,rep:4,+cov'...[0m
[1;90m    len = 9, map size = 22, exec speed = 51 us, hash = d2aa922c8f962ea7
[0m[1;94m[*] [0mAttempting dry run with 'id:000167,time:0,execs:0,orig:id:000151,src:000116,time:11331081,execs:1092,op:havoc,rep:9,+cov'...[0m
[1;90m    len = 19, map size = 22, exec speed = 56 us, hash = 893e94141436b5d3
[0m[1;94m[*] [0mAttempting dry run with 'id:000168,time:0,execs:0,orig:id:000152,src:000116,time:11331081,execs:1100,op:havoc,rep:9'...[0m
[1;90m    len = 2, map size = 20, exec speed = 47 us, hash = 40b8c1debffbf248
[0m[1;94m[*] [0mAttempting dry run with 'id:000169,time:0,execs:0,orig:id:000153,src:000116,time:11331082,execs:1112,op:havoc,rep:15'...[0m
[1;90m    len = 36, map size = 23, exec speed = 60 us, hash = d6a8dcabe9f14a4c
[0m[1;94m[*] [0mAttempting dry run with 'id:000170,time:0,execs:0,orig:id:000154,src:000116,time:11331083,execs:1120,op:havoc,rep:12,+cov'...[0m
[1;90m    len = 17, map size = 13, exec speed = 53 us, hash = a9dc9d05baf2a7fd
[0m[1;94m[*] [0mAttempting dry run with 'id:000171,time:0,execs:0,orig:id:000155,src:000116,time:11331084,execs:1128,op:havoc,rep:15,+cov'...[0m
[1;90m    len = 42, map size = 29, exec speed = 61 us, hash = 830fda0867ce7786
[0m[1;94m[*] [0mAttempting dry run with 'id:000172,time:0,execs:0,orig:id:000156,src:000116,time:11331085,execs:1139,op:havoc,rep:12,+cov'...[0m
[1;90m    len = 10, map size = 21, exec speed = 51 us, hash = f589060bab88592b
[0m[1;94m[*] [0mAttempting dry run with 'id:000173,time:0,execs:0,orig:id:000157,src:000116,time:11331085,execs:1150,op:havoc,rep:11,+cov'...[0m
[1;90m    len = 26, map size = 24, exec speed = 57 us, hash = a8c894da82b43d7b
[0m[1;93m[!] [1;97mWARNING: [0mNo new instrumentation output, test case may be useless.[0m
[1;94m[*] [0mAttempting dry run with 'id:000174,time:0,execs:0,orig:id:000158,src:000116,time:11331086,execs:1163,op:havoc,rep:14,+cov'...[0m
[1;90m    len = 18, map size = 28, exec speed = 60 us, hash = fbd6aa85c3fbb07c
[0m[1;94m[*] [0mAttempting dry run with 'id:000175,time:0,execs:0,orig:id:000159,src:000116,time:11331087,execs:1172,op:havoc,rep:4,+cov'...[0m
[1;90m    len = 7, map size = 23, exec speed = 50 us, hash = c41a0155111afe02
[0m[1;94m[*] [0mAttempting dry run with 'id:000176,time:0,execs:0,orig:id:000160,src:000116,time:11331088,execs:1181,op:havoc,rep:3'...[0m
[1;90m    len = 4, map size = 26, exec speed = 54 us, hash = 97472e892604c54f
[0m[1;94m[*] [0mAttempting dry run with 'id:000177,time:0,execs:0,orig:id:000161,src:000116,time:11331088,execs:1196,op:havoc,rep:10,+cov'...[0m
[1;90m    len = 20, map size = 21, exec speed = 57 us, hash = 257364d1754e8130
[0m[1;94m[*] [0mAttempting dry run with 'id:000178,time:0,execs:0,orig:id:000162,src:000116,time:11331089,execs:1205,op:havoc,rep:14,+cov'...[0m
[1;90m    len = 17, map size = 24, exec speed = 55 us, hash = 2861716b2d4f357b
[0m[1;94m[*] [0mAttempting dry run with 'id:000179,time:0,execs:0,orig:id:000163,src:000116,time:11331111,execs:1214,op:havoc,rep:5,+cov'...[0m
[1;90m    len = 11, map size = 37, exec speed = 53 us, hash = bd815b93a15a383e
[0m[1;94m[*] [0mAttempting dry run with 'id:000180,time:0,execs:0,orig:id:000164,src:000116,time:11331111,execs:1224,op:havoc,rep:14'...[0m
[1;90m    len = 9, map size = 29, exec speed = 58 us, hash = 449af8df3358b7e3
[0m[1;94m[*] [0mAttempting dry run with 'id:000181,time:0,execs:0,orig:id:000165,src:000116,time:11331112,execs:1237,op:havoc,rep:16'...[0m
[1;90m    len = 21, map size = 27, exec speed = 56 us, hash = 81c1bd5c048f0800
[0m[1;93m[!] [1;97mWARNING: [0mNo new instrumentation output, test case may be useless.[0m
[1;94m[*] [0mAttempting dry run with 'id:000182,time:0,execs:0,orig:id:000166,src:000116,time:11331113,execs:1248,op:havoc,rep:15'...[0m
[1;90m    len = 19, map size = 37, exec speed = 56 us, hash = 0c572adb5e1a5a83
[0m[1;93m[!] [1;97mWARNING: [0mNo new instrumentation output, test case may be useless.[0m
[1;94m[*] [0mAttempting dry run with 'id:000183,time:0,execs:0,orig:id:000167,src:000116,time:11331113,execs:1258,op:havoc,rep:10,+cov'...[0m
[1;90m    len = 10, map size = 25, exec speed = 52 us, hash = ed69a0cfa690120d
[0m[1;94m[*] [0mAttempting dry run with 'id:000184,time:0,execs:0,orig:id:000168,src:000116,time:11331137,execs:1271,op:havoc,rep:12'...[0m
[1;90m    len = 44, map size = 32, exec speed = 61 us, hash = 6824e76b6ebd0a0f
[0m[1;94m[*] [0mAttempting dry run with 'id:000185,time:0,execs:0,orig:id:000169,src:000116,time:11331138,execs:1288,op:havoc,rep:15,+cov'...[0m
[1;90m    len = 18, map size = 29, exec speed = 58 us, hash = b08de3e566a1e44d
[0m[1;94m[*] [0mAttempting dry run with 'id:000186,time:0,execs:0,orig:id:000170,src:000116,time:11332226,execs:1315,op:havoc,rep:15'...[0m
[1;90m    len = 12, map size = 34, exec speed = 53 us, hash = b6addbd554686e02
[0m[1;93m[!] [1;97mWARNING: [0mNo new instrumentation output, test case may be useless.[0m
[1;94m[*] [0mAttempting dry run with 'id:000187,time:0,execs:0,orig:id:000171,src:000116,time:11332229,execs:1336,op:havoc,rep:3,+cov'...[0m
[1;90m    len = 7, map size = 19, exec speed = 51 us, hash = daa3904fcfe142d0
[0m[1;94m[*] [0mAttempting dry run with 'id:000188,time:0,execs:0,orig:id:000172,src:000116,time:11332229,execs:1347,op:havoc,rep:8,+cov'...[0m
[1;90m    len = 3, map size = 20, exec speed = 49 us, hash = 7dc9f182b6d9a2b7
[0m[1;94m[*] [0mAttempting dry run with 'id:000189,time:0,execs:0,orig:id:000173,src:000116,time:11332230,execs:1366,op:havoc,rep:8,+cov'...[0m
[1;90m    len = 9, map size = 22, exec speed = 52 us, hash = 9ff8e9f9b3dadbbb
[0m[1;94m[*] [0mAttempting dry run with 'id:000190,time:0,execs:0,orig:id:000174,src:000116,time:11332252,execs:1379,op:havoc,rep:13,+cov'...[0m
[1;90m    len = 18, map size = 25, exec speed = 55 us, hash = 64183e6e2bee9c72
[0m[1;94m[*] [0mAttempting dry run with 'id:000191,time:0,execs:0,orig:id:000175,src:000116,time:11332253,execs:1389,op:havoc,rep:7,+cov'...[0m
[1;90m    len = 10, map size = 27, exec speed = 52 us, hash = 42252fd5644baffc
[0m[1;94m[*] [0mAttempting dry run with 'id:000192,time:0,execs:0,orig:id:000176,src:000116,time:11332296,execs:1406,op:havoc,rep:4,+cov'...[0m
[1;90m    len = 31, map size = 37, exec speed = 62 us, hash = 834776e6f7df0b5f
[0m[1;94m[*] [0mAttempting dry run with 'id:000193,time:0,execs:0,orig:id:000177,src:000116,time:11332296,execs:1415,op:havoc,rep:10,+cov'...[0m
[1;90m    len = 11, map size = 28, exec speed = 53 us, hash = a4fe3e03ba9708e0
[0m[1;94m[*] [0mAttempting dry run with 'id:000194,time:0,execs:0,orig:id:000178,src:000116,time:11332297,execs:1425,op:havoc,rep:12'...[0m
[1;90m    len = 75, map size = 27, exec speed = 60 us, hash = 72a34475457608e0
[0m[1;94m[*] [0mAttempting dry run with 'id:000195,time:0,execs:0,orig:id:000179,src:000116,time:11332298,execs:1434,op:havoc,rep:3,+cov'...[0m
[1;90m    len = 2, map size = 28, exec speed = 32 us, hash = 80430398ac4df971
[0m[1;94m[*] [0mAttempting dry run with 'id:000196,time:0,execs:0,orig:id:000180,src:000116,time:11332340,execs:1451,op:havoc,rep:13,+cov'...[0m
[1;90m    len = 46, map size = 18, exec speed = 59 us, hash = dd4b5896f89fdb66
[0m[1;94m[*] [0mAttempting dry run with 'id:000197,time:0,execs:0,orig:id:000181,src:000116,time:11332341,execs:1461,op:havoc,rep:9,+cov'...[0m
[1;90m    len = 9, map size = 22, exec speed = 52 us, hash = a75430239cf8d894
[0m[1;94m[*] [0mAttempting dry run with 'id:000198,time:0,execs:0,orig:id:000182,src:000116,time:11332342,execs:1481,op:havoc,rep:9,+cov'...[0m
[1;90m    len = 17, map size = 21, exec speed = 55 us, hash = 64bb406fe1dd7d6b
[0m[1;94m[*] [0mAttempting dry run with 'id:000199,time:0,execs:0,orig:id:000183,src:000116,time:11332343,execs:1490,op:havoc,rep:11,+cov'...[0m
[1;90m    len = 12, map size = 26, exec speed = 52 us, hash = a82eb342a73c0dce
[0m[1;94m[*] [0mAttempting dry run with 'id:000200,time:0,execs:0,orig:id:000184,src:000116,time:11332343,execs:1499,op:havoc,rep:16'...[0m
[1;90m    len = 7, map size = 34, exec speed = 52 us, hash = 9e36437cc4784a0b
[0m[1;93m[!] [1;97mWARNING: [0mNo new instrumentation output, test case may be useless.[0m
[1;94m[*] [0mAttempting dry run with 'id:000201,time:0,execs:0,orig:id:000185,src:000116,time:11332386,execs:1515,op:havoc,rep:10,+cov'...[0m
[1;90m    len = 7, map size = 24, exec speed = 54 us, hash = 365b443546b84d27
[0m[1;94m[*] [0mAttempting dry run with 'id:000202,time:0,execs:0,orig:id:000186,src:000116,time:11332408,execs:1531,op:havoc,rep:3,+cov'...[0m
[1;90m    len = 7, map size = 23, exec speed = 51 us, hash = 2351424398702b4f
[0m[1;94m[*] [0mAttempting dry run with 'id:000203,time:0,execs:0,orig:id:000187,src:000116,time:11333455,execs:1559,op:havoc,rep:15,+cov'...[0m
[1;90m    len = 18, map size = 25, exec speed = 56 us, hash = ed9a8aed54cd9960
[0m[1;94m[*] [0mAttempting dry run with 'id:000204,time:0,execs:0,orig:id:000188,src:000116,time:11333456,execs:1567,op:havoc,rep:13,+cov'...[0m
[1;90m    len = 6, map size = 24, exec speed = 48 us, hash = 465824bc27e0eac9
[0m[1;94m[*] [0mAttempting dry run with 'id:000205,time:0,execs:0,orig:id:000189,src:000116,time:11333457,execs:1575,op:havoc,rep:16,+cov'...[0m
[1;90m    len = 10, map size = 22, exec speed = 51 us, hash = 365e9dc54c21ab4f
[0m[1;94m[*] [0mAttempting dry run with 'id:000206,time:0,execs:0,orig:id:000190,src:000116,time:11333502,execs:1590,op:havoc,rep:4'...[0m
[1;90m    len = 7, map size = 17, exec speed = 50 us, hash = 20e32968b16fa96f
[0m[1;93m[!] [1;97mWARNING: [0mNo new instrumentation output, test case may be useless.[0m
[1;94m[*] [0mAttempting dry run with 'id:000207,time:0,execs:0,orig:id:000191,src:000116,time:11333503,execs:1601,op:havoc,rep:10,+cov'...[0m
[1;90m    len = 10, map size = 21, exec speed = 51 us, hash = 53c41c7891c57bfb
[0m[1;94m[*] [0mAttempting dry run with 'id:000208,time:0,execs:0,orig:id:000192,src:000116,time:11334529,execs:1615,op:havoc,rep:14,+cov'...[0m
[1;90m    len = 41, map size = 24, exec speed = 69 us, hash = 97e7c05d91762ddd
[0m[1;94m[*] [0mAttempting dry run with 'id:000209,time:0,execs:0,orig:id:000193,src:000116,time:11334598,execs:1654,op:havoc,rep:13,+cov'...[0m
[1;90m    len = 19, map size = 21, exec speed = 55 us, hash = 3a3162da570f27e8
[0m[1;94m[*] [0mAttempting dry run with 'id:000210,time:0,execs:0,orig:id:000194,src:000116,time:11334623,execs:1679,op:havoc,rep:8,+cov'...[0m
[1;90m    len = 9, map size = 34, exec speed = 51 us, hash = 33e70664f34c4b71
[0m[1;94m[*] [0mAttempting dry run with 'id:000211,time:0,execs:0,orig:id:000195,src:000116,time:11334647,execs:1697,op:havoc,rep:9,+cov'...[0m
[1;90m    len = 13, map size = 23, exec speed = 53 us, hash = 9c4bfd24ce915930
[0m[1;94m[*] [0mAttempting dry run with 'id:000212,time:0,execs:0,orig:id:000196,src:000116,time:11334693,execs:1733,op:havoc,rep:9,+cov'...[0m
[1;90m    len = 2, map size = 21, exec speed = 48 us, hash = da5332accb68dabc
[0m[1;94m[*] [0mAttempting dry run with 'id:000213,time:0,execs:0,orig:id:000197,src:000116,time:11334694,execs:1742,op:havoc,rep:8,+cov'...[0m
[1;90m    len = 10, map size = 26, exec speed = 51 us, hash = ad25ec70100496ec
[0m[1;94m[*] [0mAttempting dry run with 'id:000214,time:0,execs:0,orig:id:000198,src:000116,time:11334695,execs:1756,op:havoc,rep:10,+cov'...[0m
[1;90m    len = 3, map size = 25, exec speed = 33 us, hash = 8cfd11613e9c64f2
[0m[1;94m[*] [0mAttempting dry run with 'id:000215,time:0,execs:0,orig:id:000199,src:000116,time:11334696,execs:1765,op:havoc,rep:5'...[0m
[1;90m    len = 11, map size = 26, exec speed = 49 us, hash = d5aff0fb1d667b15
[0m[1;94m[*] [0mAttempting dry run with 'id:000216,time:0,execs:0,orig:id:000200,src:000116,time:11334699,execs:1794,op:havoc,rep:8,+cov'...[0m
[1;90m    len = 17, map size = 23, exec speed = 54 us, hash = 3400fbc2621805db
[0m[1;94m[*] [0mAttempting dry run with 'id:000217,time:0,execs:0,orig:id:000201,src:000116,time:11334744,execs:1818,op:havoc,rep:4'...[0m
[1;90m    len = 12, map size = 37, exec speed = 52 us, hash = 2357fb47ae0a5510
[0m[1;94m[*] [0mAttempting dry run with 'id:000218,time:0,execs:0,orig:id:000202,src:000116,time:11334746,execs:1841,op:havoc,rep:14,+cov'...[0m
[1;90m    len = 10, map size = 25, exec speed = 51 us, hash = 48d32f93b03c6949
[0m[1;94m[*] [0mAttempting dry run with 'id:000219,time:0,execs:0,orig:id:000203,src:000116,time:11334747,execs:1850,op:havoc,rep:16,+cov'...[0m
[1;90m    len = 19, map size = 23, exec speed = 56 us, hash = a40248124e286914
[0m[1;94m[*] [0mAttempting dry run with 'id:000220,time:0,execs:0,orig:id:000204,src:000116,time:11334770,execs:1872,op:havoc,rep:10,+cov'...[0m
[1;90m    len = 11, map size = 22, exec speed = 52 us, hash = 39fa64129c4c8d8c
[0m[1;94m[*] [0mAttempting dry run with 'id:000221,time:0,execs:0,orig:id:000205,src:000116,time:11335818,execs:1895,op:havoc,rep:2,+cov'...[0m
[1;90m    len = 7, map size = 29, exec speed = 56 us, hash = 6d1717210bfa4669
[0m[1;94m[*] [0mAttempting dry run with 'id:000222,time:0,execs:0,orig:id:000206,src:000116,time:11335891,execs:1957,op:havoc,rep:9'...[0m
[1;90m    len = 6, map size = 23, exec speed = 49 us, hash = d508de9bbf2023b0
[0m[1;94m[*] [0mAttempting dry run with 'id:000223,time:0,execs:0,orig:id:000207,src:000116,time:11335958,execs:1996,op:havoc,rep:12'...[0m
[1;90m    len = 26, map size = 26, exec speed = 64 us, hash = c01c1625bb2f7622
[0m[1;94m[*] [0mAttempting dry run with 'id:000224,time:0,execs:0,orig:id:000208,src:000116,time:11335960,execs:2018,op:havoc,rep:11,+cov'...[0m
[1;90m    len = 11, map size = 23, exec speed = 52 us, hash = 7a50b39f8bf86970
[0m[1;94m[*] [0mAttempting dry run with 'id:000225,time:0,execs:0,orig:id:000209,src:000116,time:11337052,execs:2061,op:havoc,rep:7,+cov'...[0m
[1;90m    len = 7, map size = 23, exec speed = 48 us, hash = dc62967f8920f381
[0m[1;94m[*] [0mAttempting dry run with 'id:000226,time:0,execs:0,orig:id:000210,src:000116,time:11337053,execs:2069,op:havoc,rep:16,+cov'...[0m
[1;90m    len = 7, map size = 21, exec speed = 50 us, hash = c464b3463ffd69d7
[0m[1;94m[*] [0mAttempting dry run with 'id:000227,time:0,execs:0,orig:id:000211,src:000116,time:11337162,execs:2137,op:havoc,rep:5,+cov'...[0m
[1;90m    len = 7, map size = 21, exec speed = 50 us, hash = cd68acd67ab8ea39
[0m[1;94m[*] [0mAttempting dry run with 'id:000228,time:0,execs:0,orig:id:000212,src:000116,time:11337274,execs:2210,op:havoc,rep:12'...[0m
[1;90m    len = 39, map size = 29, exec speed = 67 us, hash = 4c52ac15820261ae
[0m[1;94m[*] [0mAttempting dry run with 'id:000229,time:0,execs:0,orig:id:000213,src:000116,time:11338390,execs:2274,op:havoc,rep:12,+cov'...[0m
[1;90m    len = 19, map size = 23, exec speed = 55 us, hash = 6e230588a87124a3
[0m[1;94m[*] [0mAttempting dry run with 'id:000230,time:0,execs:0,orig:id:000214,src:000116,time:11338391,execs:2282,op:havoc,rep:15,+cov'...[0m
[1;90m    len = 18, map size = 21, exec speed = 54 us, hash = ea89a6f3d04f38b0
[0m[1;94m[*] [0mAttempting dry run with 'id:000231,time:0,execs:0,orig:id:000215,src:000116,time:11338534,execs:2382,op:havoc,rep:12,+cov'...[0m
[1;90m    len = 20, map size = 30, exec speed = 60 us, hash = b7d5f82fdcc63c73
[0m[1;94m[*] [0mAttempting dry run with 'id:000232,time:0,execs:0,orig:id:000216,src:000116,time:11338589,execs:2486,op:havoc,rep:6,+cov'...[0m
[1;90m    len = 62, map size = 29, exec speed = 63 us, hash = b08de3e566a1e44d
[0m[1;93m[!] [1;97mWARNING: [0mNo new instrumentation output, test case may be useless.[0m
[1;94m[*] [0mAttempting dry run with 'id:000233,time:0,execs:0,orig:id:000217,src:000116,time:11338634,execs:2529,op:havoc,rep:10,+cov'...[0m
[1;90m    len = 17, map size = 24, exec speed = 55 us, hash = c9ae323225969210
[0m[1;94m[*] [0mAttempting dry run with 'id:000234,time:0,execs:0,orig:id:000218,src:000116,time:11338698,execs:2557,op:havoc,rep:11,+cov'...[0m
[1;90m    len = 20, map size = 24, exec speed = 57 us, hash = 6284ec84cddaefb3
[0m[1;94m[*] [0mAttempting dry run with 'id:000235,time:0,execs:0,orig:id:000219,src:000116,time:11339047,execs:2735,op:havoc,rep:13,+cov'...[0m
[1;90m    len = 19, map size = 23, exec speed = 55 us, hash = dbd31fb8e8505dab
[0m[1;94m[*] [0mAttempting dry run with 'id:000236,time:0,execs:0,orig:id:000220,src:000116,time:11339048,execs:2745,op:havoc,rep:12'...[0m
[1;90m    len = 84, map size = 18, exec speed = 61 us, hash = 3d9a8a78f9a4d1d1
[0m[1;94m[*] [0mAttempting dry run with 'id:000237,time:0,execs:0,orig:id:000221,src:000116,time:11339112,execs:2776,op:havoc,rep:12,+cov'...[0m
[1;90m    len = 20, map size = 21, exec speed = 57 us, hash = 0f178fe5bd71a72d
[0m[1;94m[*] [0mAttempting dry run with 'id:000238,time:0,execs:0,orig:id:000222,src:000116,time:11339176,execs:2796,op:havoc,rep:12,+cov'...[0m
[1;90m    len = 11, map size = 23, exec speed = 50 us, hash = 96fb100e73defae4
[0m[1;94m[*] [0mAttempting dry run with 'id:000239,time:0,execs:0,orig:id:000223,src:000116,time:11339263,execs:2838,op:havoc,rep:6,+cov'...[0m
[1;90m    len = 11, map size = 23, exec speed = 53 us, hash = 9d56c03489b916b8
[0m[1;94m[*] [0mAttempting dry run with 'id:000240,time:0,execs:0,orig:id:000224,src:000116,time:11339286,execs:2866,op:havoc,rep:6,+cov'...[0m
[1;90m    len = 20, map size = 20, exec speed = 55 us, hash = 5e5bbdd9399b328d
[0m[1;94m[*] [0mAttempting dry run with 'id:000241,time:0,execs:0,orig:id:000225,src:000116,time:11339286,execs:2877,op:havoc,rep:16'...[0m
[1;90m    len = 25, map size = 17, exec speed = 57 us, hash = bad1771709b2cfd2
[0m[1;94m[*] [0mAttempting dry run with 'id:000242,time:0,execs:0,orig:id:000226,src:000116,time:11339287,execs:2889,op:havoc,rep:16,+cov'...[0m
[1;90m    len = 11, map size = 27, exec speed = 51 us, hash = 7e0f3dcf17d45b5f
[0m[1;94m[*] [0mAttempting dry run with 'id:000243,time:0,execs:0,orig:id:000227,src:000116,time:11339398,execs:2992,op:havoc,rep:16,+cov'...[0m
[1;90m    len = 17, map size = 23, exec speed = 54 us, hash = 77e9af0b1ebb702a
[0m[1;94m[*] [0mAttempting dry run with 'id:000244,time:0,execs:0,orig:id:000228,src:000116,time:11339420,execs:3012,op:havoc,rep:16,+cov'...[0m
[1;90m    len = 9, map size = 27, exec speed = 51 us, hash = b93e3d9fffea35ec
[0m[1;94m[*] [0mAttempting dry run with 'id:000245,time:0,execs:0,orig:id:000229,src:000116,time:11339421,execs:3022,op:havoc,rep:16,+cov'...[0m
[1;90m    len = 9, map size = 23, exec speed = 50 us, hash = 13bb4bc35d257c78
[0m[1;94m[*] [0mAttempting dry run with 'id:000246,time:0,execs:0,orig:id:000230,src:000116,time:11339833,execs:3201,op:havoc,rep:16'...[0m
[1;90m    len = 17, map size = 28, exec speed = 62 us, hash = 620fb878ad9ca5a8
[0m[1;93m[!] [1;97mWARNING: [0mNo new instrumentation output, test case may be useless.[0m
[1;94m[*] [0mAttempting dry run with 'id:000247,time:0,execs:0,orig:id:000231,src:000116,time:11339942,execs:3280,op:havoc,rep:7,+cov'...[0m
[1;90m    len = 12, map size = 27, exec speed = 56 us, hash = 644d0bfae2f1ca15
[0m[1;94m[*] [0mAttempting dry run with 'id:000248,time:0,execs:0,orig:id:000232,src:000116,time:11340007,execs:3313,op:havoc,rep:9,+cov'...[0m
[1;90m    len = 11, map size = 23, exec speed = 51 us, hash = a279219cdefbe276
[0m[1;94m[*] [0mAttempting dry run with 'id:000249,time:0,execs:0,orig:id:000233,src:000116,time:11340052,execs:3369,op:havoc,rep:9'...[0m
[1;90m    len = 14, map size = 36, exec speed = 54 us, hash = 0240c24a97582780
[0m[1;93m[!] [1;97mWARNING: [0mNo new instrumentation output, test case may be useless.[0m
[1;94m[*] [0mAttempting dry run with 'id:000250,time:0,execs:0,orig:id:000234,src:000116,time:11340076,execs:3414,op:havoc,rep:5,+cov'...[0m
[1;90m    len = 7, map size = 31, exec speed = 49 us, hash = 086b38fc33ffed30
[0m[1;94m[*] [0mAttempting dry run with 'id:000251,time:0,execs:0,orig:id:000235,src:000116,time:11340119,execs:3426,op:havoc,rep:12,+cov'...[0m
[1;90m    len = 19, map size = 23, exec speed = 55 us, hash = a8a617b81accc857
[0m[1;94m[*] [0mAttempting dry run with 'id:000252,time:0,execs:0,orig:id:000236,src:000116,time:11340184,execs:3457,op:havoc,rep:7,+cov'...[0m
[1;90m    len = 18, map size = 21, exec speed = 55 us, hash = 72bce2e500810a1c
[0m[1;94m[*] [0mAttempting dry run with 'id:000253,time:0,execs:0,orig:id:000237,src:000116,time:11340406,execs:3617,op:havoc,rep:4,+cov'...[0m
[1;90m    len = 7, map size = 24, exec speed = 50 us, hash = 0ce3d9f8eeaf1e2d
[0m[1;94m[*] [0mAttempting dry run with 'id:000254,time:0,execs:0,orig:id:000238,src:000116,time:11340582,execs:3733,op:havoc,rep:7,+cov'...[0m
[1;90m    len = 9, map size = 23, exec speed = 52 us, hash = 6c8952a7fd71837a
[0m[1;94m[*] [0mAttempting dry run with 'id:000255,time:0,execs:0,orig:id:000239,src:000116,time:11340646,execs:3748,op:havoc,rep:15,+cov'...[0m
[1;90m    len = 10, map size = 22, exec speed = 50 us, hash = e71718c4ce32233e
[0m[1;94m[*] [0mAttempting dry run with 'id:000256,time:0,execs:0,orig:id:000240,src:000116,time:11340694,execs:3838,op:havoc,rep:16,+cov'...[0m
[1;90m    len = 19, map size = 22, exec speed = 54 us, hash = 0c131d351d310441
[0m[1;94m[*] [0mAttempting dry run with 'id:000257,time:0,execs:0,orig:id:000241,src:000116,time:11340937,execs:4058,op:havoc,rep:16,+cov'...[0m
[1;90m    len = 17, map size = 34, exec speed = 55 us, hash = 3478d53caa23e792
[0m[1;94m[*] [0mAttempting dry run with 'id:000258,time:0,execs:0,orig:id:000242,src:000116,time:11341004,execs:4119,op:havoc,rep:10,+cov'...[0m
[1;90m    len = 19, map size = 27, exec speed = 54 us, hash = cbcbaf477a98ec2c
[0m[1;94m[*] [0mAttempting dry run with 'id:000259,time:0,execs:0,orig:id:000243,src:000116,time:11341025,execs:4129,op:havoc,rep:16,+cov'...[0m
[1;90m    len = 20, map size = 25, exec speed = 56 us, hash = f33ccf687eebd411
[0m[1;93m[!] [1;97mWARNING: [0mNo new instrumentation output, test case may be useless.[0m
[1;94m[*] [0mAttempting dry run with 'id:000260,time:0,execs:0,orig:id:000244,src:000116,time:11341026,execs:4139,op:havoc,rep:15'...[0m
[1;90m    len = 31, map size = 32, exec speed = 61 us, hash = 46428c1c1ceaca5f
[0m[1;93m[!] [1;97mWARNING: [0mNo new instrumentation output, test case may be useless.[0m
[1;94m[*] [0mAttempting dry run with 'id:000261,time:0,execs:0,orig:id:000245,src:000116,time:11341372,execs:4282,op:havoc,rep:16,+cov'...[0m
[1;90m    len = 10, map size = 26, exec speed = 51 us, hash = acb65ca0dc35c4f8
[0m[1;94m[*] [0mAttempting dry run with 'id:000262,time:0,execs:0,orig:id:000246,src:000116,time:11341415,execs:4303,op:havoc,rep:15,+cov'...[0m
[1;90m    len = 40, map size = 26, exec speed = 62 us, hash = fe416a133375558f
[0m[1;94m[*] [0mAttempting dry run with 'id:000263,time:0,execs:0,orig:id:000247,src:000116,time:11341723,execs:4531,op:havoc,rep:8,+cov'...[0m
[1;90m    len = 19, map size = 34, exec speed = 55 us, hash = 32e7b12759874208
[0m[1;94m[*] [0mAttempting dry run with 'id:000264,time:0,execs:0,orig:id:000248,src:000116,time:11341898,execs:4649,op:havoc,rep:10,+cov'...[0m
[1;90m    len = 7, map size = 23, exec speed = 50 us, hash = b938001061066a74
[0m[1;94m[*] [0mAttempting dry run with 'id:000265,time:0,execs:0,orig:id:000249,src:000116,time:11341899,execs:4671,op:havoc,rep:12'...[0m
[1;90m    len = 27, map size = 29, exec speed = 59 us, hash = 13016106ee6a710a
[0m[1;93m[!] [1;97mWARNING: [0mNo new instrumentation output, test case may be useless.[0m
[1;94m[*] [0mAttempting dry run with 'id:000266,time:0,execs:0,orig:id:000250,src:000116,time:11341921,execs:4681,op:havoc,rep:6,+cov'...[0m
[1;90m    len = 7, map size = 27, exec speed = 50 us, hash = b0bde1d6feede6d1
[0m[1;94m[*] [0mAttempting dry run with 'id:000267,time:0,execs:0,orig:id:000251,src:000116,time:11342436,execs:5119,op:havoc,rep:10,+cov'...[0m
[1;90m    len = 20, map size = 26, exec speed = 57 us, hash = cbddb4e10adb3636
[0m[1;94m[*] [0mAttempting dry run with 'id:000268,time:0,execs:0,orig:id:000252,src:000116,time:11342767,execs:5374,op:havoc,rep:13,+cov'...[0m
[1;90m    len = 17, map size = 21, exec speed = 54 us, hash = 9320940685ca3edc
[0m[1;94m[*] [0mAttempting dry run with 'id:000269,time:0,execs:0,orig:id:000253,src:000116,time:11342880,execs:5501,op:havoc,rep:11,+cov'...[0m
[1;90m    len = 19, map size = 24, exec speed = 56 us, hash = 25d8c5eb9e4d7a91
[0m[1;94m[*] [0mAttempting dry run with 'id:000270,time:0,execs:0,orig:id:000254,src:000116,time:11343397,execs:5704,op:havoc,rep:10'...[0m
[1;90m    len = 70, map size = 32, exec speed = 61 us, hash = 274aed756b6c71fa
[0m[1;94m[*] [0mAttempting dry run with 'id:000271,time:0,execs:0,orig:id:000255,src:000116,time:11343772,execs:5937,op:havoc,rep:12'...[0m
[1;90m    len = 62, map size = 41, exec speed = 65 us, hash = c8708c0aefd6507f
[0m[1;94m[*] [0mAttempting dry run with 'id:000272,time:0,execs:0,orig:id:000256,src:000116,time:11344079,execs:6117,op:havoc,rep:4'...[0m
[1;90m    len = 18, map size = 41, exec speed = 60 us, hash = a213ae36748c03e9
[0m[1;94m[*] [0mAttempting dry run with 'id:000273,time:0,execs:0,orig:id:000257,src:000116,time:11344732,execs:6495,op:havoc,rep:7'...[0m
[1;90m    len = 14, map size = 34, exec speed = 58 us, hash = aa6e9d07307f71a0
[0m[1;93m[!] [1;97mWARNING: [0mNo new instrumentation output, test case may be useless.[0m
[1;94m[*] [0mAttempting dry run with 'id:000274,time:0,execs:0,orig:id:000258,src:000116,time:11344934,execs:6720,op:havoc,rep:13,+cov'...[0m
[1;90m    len = 11, map size = 22, exec speed = 52 us, hash = 72868c9f8e22f988
[0m[1;94m[*] [0mAttempting dry run with 'id:000275,time:0,execs:0,orig:id:000259,src:000116,time:11344979,execs:6761,op:havoc,rep:10,+cov'...[0m
[1;90m    len = 20, map size = 26, exec speed = 55 us, hash = 654056e246a93bf6
[0m[1;94m[*] [0mAttempting dry run with 'id:000276,time:0,execs:0,orig:id:000260,src:000116,time:11345572,execs:7133,op:havoc,rep:3,+cov'...[0m
[1;90m    len = 4, map size = 25, exec speed = 48 us, hash = 96437e8d6e17fd9d
[0m[1;94m[*] [0mAttempting dry run with 'id:000277,time:0,execs:0,orig:id:000267,src:000237+000004,time:11360288,execs:2368,op:splice,rep:2'...[0m
[1;90m    len = 26, map size = 37, exec speed = 59 us, hash = e4000f8a5749d90c
[0m[1;93m[!] [1;97mWARNING: [0mNo new instrumentation output, test case may be useless.[0m
[1;94m[*] [0mAttempting dry run with 'id:000278,time:0,execs:0,orig:id:000268,src:000190,time:11360317,execs:2514,op:havoc,rep:2'...[0m
[1;90m    len = 29, map size = 33, exec speed = 60 us, hash = d6c6e146a720bdea
[0m[1;94m[*] [0mAttempting dry run with 'id:000279,time:0,execs:0,orig:id:000269,src:000190,time:11361432,execs:2652,op:havoc,rep:1'...[0m
[1;90m    len = 24, map size = 31, exec speed = 57 us, hash = 6cadd38195d6609a
[0m[1;93m[!] [1;97mWARNING: [0mNo new instrumentation output, test case may be useless.[0m
[1;94m[*] [0mAttempting dry run with 'id:000280,time:0,execs:0,orig:id:000270,src:000190,time:11361478,execs:2751,op:havoc,rep:1'...[0m
[1;90m    len = 11, map size = 32, exec speed = 50 us, hash = 967739b39de189e5
[0m[1;93m[!] [1;97mWARNING: [0mNo new instrumentation output, test case may be useless.[0m
[1;94m[*] [0mAttempting dry run with 'id:000281,time:0,execs:0,orig:id:000271,src:000190,time:11362715,execs:3174,op:havoc,rep:2,+cov'...[0m
[1;90m    len = 7, map size = 32, exec speed = 32 us, hash = 51d9d651a1af8666
[0m[1;94m[*] [0mAttempting dry run with 'id:000282,time:0,execs:0,orig:id:000272,src:000190,time:11363996,execs:3598,op:havoc,rep:2,+cov'...[0m
[1;90m    len = 5, map size = 24, exec speed = 46 us, hash = 8ecf35c3de1e1a3d
[0m[1;94m[*] [0mAttempting dry run with 'id:000283,time:0,execs:0,orig:id:000273,src:000190,time:11366402,execs:4183,op:havoc,rep:2'...[0m
[1;90m    len = 14, map size = 32, exec speed = 37 us, hash = 6a424a6f7091b8ad
[0m[1;94m[*] [0mAttempting dry run with 'id:000284,time:0,execs:0,orig:id:000274,src:000190,time:11367872,execs:5005,op:havoc,rep:2'...[0m
[1;90m    len = 7, map size = 18, exec speed = 45 us, hash = fd6eb6bfa66388ea
[0m[1;94m[*] [0mAttempting dry run with 'id:000285,time:0,execs:0,orig:id:000275,src:000190,time:11368086,execs:5501,op:havoc,rep:2,+cov'...[0m
[1;90m    len = 7, map size = 22, exec speed = 50 us, hash = 1fce84420479d21d
[0m[1;94m[*] [0mAttempting dry run with 'id:000286,time:0,execs:0,orig:id:000277,src:000192+000096,time:11372086,execs:2228,op:splice,rep:1,+cov'...[0m
[1;90m    len = 9, map size = 28, exec speed = 55 us, hash = 03ead980952773f8
[0m[1;94m[*] [0mAttempting dry run with 'id:000287,time:0,execs:0,orig:id:000278,src:000191+000147,time:11377381,execs:2580,op:splice,rep:10'...[0m
[1;90m    len = 40, map size = 36, exec speed = 61 us, hash = 5274d06351119024
[0m[1;94m[*] [0mAttempting dry run with 'id:000288,time:0,execs:0,orig:id:000279,src:000191+000150,time:11377406,execs:2628,op:splice,rep:2'...[0m
[1;90m    len = 24, map size = 35, exec speed = 58 us, hash = 3720faa8d896e993
[0m[1;94m[*] [0mAttempting dry run with 'id:000289,time:0,execs:0,orig:id:000281,src:000235+000102,time:11388582,execs:2464,op:splice,rep:8,+cov'...[0m
[1;90m    len = 12, map size = 28, exec speed = 52 us, hash = 8bd20675c9bebdc6
[0m[1;92m[+] [0mAll test cases processed.[0m
[1;93m[!] [1;97mWARNING: [0m[1;91mSome test cases look useless. Consider using a smaller set.[0m
[1;93m[!] [1;97mWARNING: [0m[1;91mYou probably have far too many input files! Consider trimming down.[0m
[1;92m[+] [0mHere are some useful stats:

[1;90m    Test case count : [0m102 favored, 1 variable, 130 ignored, 290 total
[1;90m       Bitmap range : [0m13 to 41 bits (average: 26.59 bits)
[1;90m        Exec timing : [0m32 to 134 us (average: 58 us)
[0m
[1;94m[*] [0mNo -t option specified, so I'll use an exec timeout of 20 ms.[0m
[1;92m[+] [0mAll set and ready to roll![0m
[1;94m[*] [0mEntering queue cycle 4107.[0m
[1;94m[*] [0mFuzzing test case #195 (290 total, 0 crashes saved, state: started :-), mode=explore, perf_score=0, weight=0, favorite=1, was_fuzzed=0, exec_us=32, hits=0, map=28, ascii=0, run_time=0:03:09:58)...[0m
[1;94m[*] [0mFuzzing test case #215 (290 total, 0 crashes saved, state: started :-), mode=explore, perf_score=100, weight=21, favorite=1, was_fuzzed=0, exec_us=49, hits=0, map=26, ascii=0, run_time=0:03:09:58)...[0m
[1;94m[*] [0mFuzzing test case #160 (290 total, 5 crashes saved, state: started :-), mode=explore, perf_score=75, weight=17, favorite=1, was_fuzzed=0, exec_us=50, hits=0, map=15, ascii=0, run_time=0:03:09:58)...[0m
[1;94m[*] [0mFuzzing test case #212 (290 total, 5 crashes saved, state: started :-), mode=explore, perf_score=100, weight=38, favorite=1, was_fuzzed=0, exec_us=48, hits=0, map=21, ascii=0, run_time=0:03:09:58)...[0m
[1;94m[*] [0mFuzzing test case #198 (290 total, 5 crashes saved, state: started :-), mode=explore, perf_score=100, weight=17, favorite=1, was_fuzzed=0, exec_us=55, hits=0, map=21, ascii=0, run_time=0:03:09:58)...[0m
[1;94m[*] [0mFuzzing test case #264 (290 total, 5 crashes saved, state: started :-), mode=explore, perf_score=100, weight=29, favorite=1, was_fuzzed=0, exec_us=50, hits=0, map=23, ascii=0, run_time=0:03:09:58)...[0m
[1;94m[*] [0mFuzzing test case #247 (290 total, 6 crashes saved, state: started :-), mode=explore, perf_score=100, weight=70, favorite=1, was_fuzzed=0, exec_us=56, hits=0, map=27, ascii=0, run_time=0:03:09:58)...[0m
[1;94m[*] [0mFuzzing test case #253 (290 total, 7 crashes saved, state: started :-), mode=explore, perf_score=100, weight=20, favorite=1, was_fuzzed=0, exec_us=50, hits=0, map=24, ascii=0, run_time=0:03:09:58)...[0m
[1;94m[*] [0mFuzzing test case #209 (290 total, 7 crashes saved, state: started :-), mode=explore, perf_score=100, weight=17, favorite=1, was_fuzzed=0, exec_us=55, hits=0, map=21, ascii=0, run_time=0:03:09:58)...[0m
[1;94m[*] [0mFuzzing test case #175 (290 total, 8 crashes saved, state: started :-), mode=explore, perf_score=100, weight=20, favorite=1, was_fuzzed=0, exec_us=50, hits=0, map=23, ascii=0, run_time=0:03:09:58)...[0m
[1;94m[*] [0mFuzzing test case #201 (290 total, 8 crashes saved, state: started :-), mode=explore, perf_score=100, weight=44, favorite=1, was_fuzzed=0, exec_us=54, hits=0, map=24, ascii=0, run_time=0:03:09:58)...[0m
[1;94m[*] [0mFuzzing test case #261 (290 total, 8 crashes saved, state: started :-), mode=explore, perf_score=100, weight=20, favorite=1, was_fuzzed=0, exec_us=51, hits=0, map=26, ascii=0, run_time=0:03:09:58)...[0m
[1;94m[*] [0mFuzzing test case #161 (290 total, 9 crashes saved, state: started :-), mode=explore, perf_score=100, weight=19, favorite=1, was_fuzzed=0, exec_us=52, hits=0, map=22, ascii=0, run_time=0:03:09:58)...[0m
[1;94m[*] [0mFuzzing test case #281 (290 total, 9 crashes saved, state: started :-), mode=explore, perf_score=100, weight=81, favorite=1, was_fuzzed=0, exec_us=32, hits=0, map=32, ascii=0, run_time=0:03:09:58)...[0m
[1;94m[*] [0mFuzzing test case #245 (290 total, 10 crashes saved, state: started :-), mode=explore, perf_score=100, weight=29, favorite=1, was_fuzzed=0, exec_us=50, hits=0, map=23, ascii=0, run_time=0:03:09:58)...[0m
[1;94m[*] [0mFuzzing test case #286 (290 total, 10 crashes saved, state: started :-), mode=explore, perf_score=100, weight=28, favorite=1, was_fuzzed=0, exec_us=55, hits=0, map=28, ascii=0, run_time=0:03:09:58)...[0m
[1;94m[*] [0mFuzzing test case #179 (290 total, 11 crashes saved, state: started :-), mode=explore, perf_score=150, weight=21, favorite=1, was_fuzzed=0, exec_us=53, hits=0, map=37, ascii=0, run_time=0:03:09:58)...[0m
[1;94m[*] [0mFuzzing test case #185 (290 total, 12 crashes saved, state: started :-), mode=explore, perf_score=100, weight=35, favorite=1, was_fuzzed=0, exec_us=58, hits=0, map=29, ascii=0, run_time=0:03:09:58)...[0m
[1;94m[*] [0mFuzzing test case #263 (290 total, 12 crashes saved, state: started :-), mode=explore, perf_score=100, weight=20, favorite=1, was_fuzzed=0, exec_us=55, hits=0, map=34, ascii=0, run_time=0:03:09:58)...[0m
[1;94m[*] [0mFuzzing test case #156 (290 total, 12 crashes saved, state: started :-), mode=explore, perf_score=100, weight=19, favorite=1, was_fuzzed=0, exec_us=52, hits=0, map=25, ascii=0, run_time=0:03:09:58)...[0m
[1;94m[*] [0mFuzzing test case #229 (290 total, 13 crashes saved, state: started :-), mode=explore, perf_score=100, weight=18, favorite=1, was_fuzzed=0, exec_us=55, hits=0, map=23, ascii=0, run_time=0:03:09:58)...[0m
[1;94m[*] [0mFuzzing test case #258 (290 total, 13 crashes saved, state: started :-), mode=explore, perf_score=100, weight=19, favorite=1, was_fuzzed=0, exec_us=54, hits=0, map=27, ascii=0, run_time=0:03:09:58)...[0m
[1;94m[*] [0mFuzzing test case #240 (290 total, 13 crashes saved, state: started :-), mode=explore, perf_score=100, weight=33, favorite=1, was_fuzzed=0, exec_us=55, hits=0, map=20, ascii=0, run_time=0:03:09:58)...[0m
[1;94m[*] [0mFuzzing test case #176 (290 total, 13 crashes saved, state: started :-), mode=explore, perf_score=100, weight=80, favorite=1, was_fuzzed=0, exec_us=54, hits=0, map=26, ascii=0, run_time=0:03:09:58)...[0m
[1;94m[*] [0mFuzzing test case #246 (290 total, 13 crashes saved, state: started :-), mode=explore, perf_score=100, weight=17, favorite=1, was_fuzzed=0, exec_us=62, hits=0, map=28, ascii=0, run_time=0:03:09:58)...[0m
[1;94m[*] [0mFuzzing test case #284 (290 total, 13 crashes saved, state: started :-), mode=explore, perf_score=100, weight=57, favorite=1, was_fuzzed=0, exec_us=45, hits=0, map=18, ascii=0, run_time=0:03:09:58)...[0m
[1;94m[*] [0mFuzzing test case #233 (290 total, 13 crashes saved, state: started :-), mode=explore, perf_score=100, weight=18, favorite=1, was_fuzzed=0, exec_us=55, hits=0, map=24, ascii=0, run_time=0:03:09:58)...[0m
[1;94m[*] [0mFuzzing test case #242 (290 total, 13 crashes saved, state: started :-), mode=explore, perf_score=100, weight=20, favorite=1, was_fuzzed=0, exec_us=51, hits=0, map=27, ascii=0, run_time=0:03:09:58)...[0m
[1;94m[*] [0mFuzzing test case #252 (290 total, 13 crashes saved, state: started :-), mode=explore, perf_score=100, weight=17, favorite=1, was_fuzzed=0, exec_us=55, hits=0, map=21, ascii=0, run_time=0:03:09:58)...[0m
[1;94m[*] [0mFuzzing test case #155 (290 total, 13 crashes saved, state: started :-), mode=explore, perf_score=100, weight=39, favorite=1, was_fuzzed=0, exec_us=49, hits=0, map=24, ascii=0, run_time=0:03:09:58)...[0m
[1;94m[*] [0mFuzzing test case #183 (290 total, 13 crashes saved, state: started :-), mode=explore, perf_score=100, weight=19, favorite=1, was_fuzzed=0, exec_us=52, hits=0, map=25, ascii=0, run_time=0:03:09:58)...[0m
[1;94m[*] [0mFuzzing test case #285 (290 total, 13 crashes saved, state: started :-), mode=explore, perf_score=100, weight=37, favorite=1, was_fuzzed=0, exec_us=50, hits=0, map=22, ascii=0, run_time=0:03:09:58)...[0m
[1;94m[*] [0mFuzzing test case #219 (290 total, 13 crashes saved, state: started :-), mode=explore, perf_score=100, weight=18, favorite=1, was_fuzzed=0, exec_us=56, hits=0, map=23, ascii=0, run_time=0:03:09:58)...[0m
[1;94m[*] [0mFuzzing test case #267 (290 total, 13 crashes saved, state: started :-), mode=explore, perf_score=100, weight=18, favorite=1, was_fuzzed=0, exec_us=57, hits=0, map=26, ascii=0, run_time=0:03:09:58)...[0m
[1;94m[*] [0mFuzzing test case #11 (290 total, 13 crashes saved, state: started :-), mode=explore, perf_score=100, weight=19, favorite=1, was_fuzzed=0, exec_us=56, hits=0, map=31, ascii=0, run_time=0:03:09:58)...[0m
[1;94m[*] [0mFuzzing test case #269 (290 total, 13 crashes saved, state: started :-), mode=explore, perf_score=100, weight=18, favorite=1, was_fuzzed=0, exec_us=56, hits=0, map=24, ascii=0, run_time=0:03:09:58)...[0m
[1;94m[*] [0mFuzzing test case #255 (291 total, 13 crashes saved, state: started :-), mode=explore, perf_score=100, weight=19, favorite=1, was_fuzzed=0, exec_us=50, hits=0, map=22, ascii=0, run_time=0:03:09:58)...[0m
[1;94m[*] [0mFuzzing test case #177 (291 total, 13 crashes saved, state: started :-), mode=explore, perf_score=100, weight=17, favorite=1, was_fuzzed=0, exec_us=57, hits=0, map=21, ascii=0, run_time=0:03:09:58)...[0m
[1;94m[*] [0mFuzzing test case #207 (291 total, 13 crashes saved, state: started :-), mode=explore, perf_score=100, weight=19, favorite=1, was_fuzzed=0, exec_us=51, hits=0, map=21, ascii=0, run_time=0:03:09:58)...[0m
[1;94m[*] [0mFuzzing test case #200 (291 total, 13 crashes saved, state: started :-), mode=explore, perf_score=100, weight=21, favorite=1, was_fuzzed=0, exec_us=52, hits=0, map=34, ascii=0, run_time=0:03:09:58)...[0m
[1;94m[*] [0mFuzzing test case #221 (291 total, 13 crashes saved, state: started :-), mode=explore, perf_score=100, weight=28, favorite=1, was_fuzzed=0, exec_us=56, hits=0, map=29, ascii=0, run_time=0:03:09:58)...[0m
[1;94m[*] [0mFuzzing test case #191 (291 total, 13 crashes saved, state: started :-), mode=explore, perf_score=100, weight=20, favorite=1, was_fuzzed=0, exec_us=52, hits=0, map=27, ascii=0, run_time=0:03:09:58)...[0m
[1;94m[*] [0mFuzzing test case #197 (291 total, 13 crashes saved, state: started :-), mode=explore, perf_score=100, weight=19, favorite=1, was_fuzzed=0, exec_us=52, hits=0, map=22, ascii=0, run_time=0:03:09:58)...[0m
[1;94m[*] [0mFuzzing test case #250 (291 total, 13 crashes saved, state: started :-), mode=explore, perf_score=100, weight=32, favorite=1, was_fuzzed=0, exec_us=49, hits=0, map=31, ascii=0, run_time=0:03:09:58)...[0m
[1;94m[*] [0mFuzzing test case #243 (291 total, 13 crashes saved, state: started :-), mode=explore, perf_score=100, weight=18, favorite=1, was_fuzzed=0, exec_us=54, hits=0, map=23, ascii=0, run_time=0:03:09:58)...[0m
[1;94m[*] [0mFuzzing test case #187 (291 total, 13 crashes saved, state: started :-), mode=explore, perf_score=100, weight=18, favorite=1, was_fuzzed=0, exec_us=51, hits=0, map=19, ascii=0, run_time=0:03:09:58)...[0m
[1;94m[*] [0mFuzzing test case #254 (291 total, 13 crashes saved, state: started :-), mode=explore, perf_score=100, weight=19, favorite=1, was_fuzzed=0, exec_us=52, hits=0, map=23, ascii=0, run_time=0:03:09:58)...[0m
[1;94m[*] [0mFuzzing test case #289 (291 total, 13 crashes saved, state: started :-), mode=explore, perf_score=100, weight=30, favorite=1, was_fuzzed=0, exec_us=52, hits=0, map=28, ascii=0, run_time=0:03:09:58)...[0m
[1;94m[*] [0mFuzzing test case #259 (291 total, 13 crashes saved, state: started :-), mode=explore, perf_score=100, weight=27, favorite=1, was_fuzzed=0, exec_us=56, hits=0, map=25, ascii=0, run_time=0:03:09:59)...[0m
[1;94m[*] [0mFuzzing test case #4 (291 total, 13 crashes saved, state: started :-), mode=explore, perf_score=100, weight=30, favorite=1, was_fuzzed=0, exec_us=50, hits=0, map=27, ascii=0, run_time=0:03:09:59)...[0m
[1;94m[*] [0mFuzzing test case #256 (291 total, 13 crashes saved, state: started :-), mode=explore, perf_score=100, weight=18, favorite=1, was_fuzzed=0, exec_us=54, hits=0, map=22, ascii=0, run_time=0:03:09:59)...[0m
[1;94m[*] [0mFuzzing test case #238 (291 total, 13 crashes saved, state: started :-), mode=explore, perf_score=100, weight=20, favorite=1, was_fuzzed=0, exec_us=50, hits=0, map=23, ascii=0, run_time=0:03:09:59)...[0m
[1;94m[*] [0mFuzzing test case #202 (291 total, 13 crashes saved, state: started :-), mode=explore, perf_score=100, weight=19, favorite=1, was_fuzzed=0, exec_us=51, hits=0, map=23, ascii=0, run_time=0:03:09:59)...[0m
[1;94m[*] [0mFuzzing test case #199 (291 total, 13 crashes saved, state: started :-), mode=explore, perf_score=100, weight=20, favorite=1, was_fuzzed=0, exec_us=52, hits=0, map=26, ascii=0, run_time=0:03:09:59)...[0m
[1;94m[*] [0mFuzzing test case #235 (291 total, 13 crashes saved, state: started :-), mode=explore, perf_score=100, weight=18, favorite=1, was_fuzzed=0, exec_us=55, hits=0, map=23, ascii=0, run_time=0:03:09:59)...[0m
[1;94m[*] [0mFuzzing test case #234 (291 total, 13 crashes saved, state: started :-), mode=explore, perf_score=100, weight=18, favorite=1, was_fuzzed=0, exec_us=57, hits=0, map=24, ascii=0, run_time=0:03:09:59)...[0m
[1;94m[*] [0mFuzzing test case #263 (291 total, 13 crashes saved, state: started :-), mode=explore, perf_score=459, weight=10, favorite=1, was_fuzzed=1, exec_us=55, hits=0, map=34, ascii=0, run_time=0:03:09:59)...[0m
[1;94m[*] [0mFuzzing test case #168 (291 total, 13 crashes saved, state: started :-), mode=explore, perf_score=100, weight=67, favorite=1, was_fuzzed=0, exec_us=47, hits=0, map=20, ascii=0, run_time=0:03:09:59)...[0m
[1;94m[*] [0mFuzzing test case #190 (291 total, 13 crashes saved, state: started :-), mode=explore, perf_score=100, weight=27, favorite=1, was_fuzzed=0, exec_us=55, hits=0, map=25, ascii=0, run_time=0:03:09:59)...[0m
[1;94m[*] [0mFuzzing test case #205 (291 total, 13 crashes saved, state: started :-), mode=explore, perf_score=100, weight=19, favorite=1, was_fuzzed=0, exec_us=51, hits=0, map=22, ascii=0, run_time=0:03:09:59)...[0m
[1;94m[*] [0mFuzzing test case #213 (291 total, 13 crashes saved, state: started :-), mode=explore, perf_score=100, weight=20, favorite=1, was_fuzzed=0, exec_us=51, hits=0, map=26, ascii=0, run_time=0:03:09:59)...[0m
[1;94m[*] [0mFuzzing test case #189 (291 total, 13 crashes saved, state: started :-), mode=explore, perf_score=100, weight=19, favorite=1, was_fuzzed=0, exec_us=52, hits=0, map=22, ascii=0, run_time=0:03:09:59)...[0m
[1;94m[*] [0mFuzzing test case #174 (291 total, 13 crashes saved, state: started :-), mode=explore, perf_score=100, weight=18, favorite=1, was_fuzzed=0, exec_us=60, hits=0, map=28, ascii=0, run_time=0:03:09:59)...[0m
[1;94m[*] [0mFuzzing test case #268 (291 total, 13 crashes saved, state: started :-), mode=explore, perf_score=100, weight=18, favorite=1, was_fuzzed=0, exec_us=54, hits=0, map=21, ascii=0, run_time=0:03:09:59)...[0m
[1;94m[*] [0mFuzzing test case #276 (291 total, 13 crashes saved, state: started :-), mode=explore, perf_score=100, weight=21, favorite=1, was_fuzzed=0, exec_us=48, hits=0, map=25, ascii=0, run_time=0:03:09:59)...[0m
[1;94m[*] [0mFuzzing test case #282 (291 total, 13 crashes saved, state: started :-), mode=explore, perf_score=100, weight=22, favorite=1, was_fuzzed=0, exec_us=46, hits=0, map=24, ascii=0, run_time=0:03:09:59)...[0m
[1;94m[*] [0mFuzzing test case #186 (291 total, 13 crashes saved, state: started :-), mode=explore, perf_score=100, weight=31, favorite=1, was_fuzzed=0, exec_us=53, hits=0, map=34, ascii=0, run_time=0:03:09:59)...[0m
[1;94m[*] [0mFuzzing test case #210 (291 total, 13 crashes saved, state: started :-), mode=explore, perf_score=100, weight=22, favorite=1, was_fuzzed=0, exec_us=51, hits=0, map=34, ascii=0, run_time=0:03:09:59)...[0m
[1;94m[*] [0mFuzzing test case #203 (291 total, 13 crashes saved, state: started :-), mode=explore, perf_score=100, weight=18, favorite=1, was_fuzzed=0, exec_us=56, hits=0, map=25, ascii=0, run_time=0:03:09:59)...[0m
[1;94m[*] [0mFuzzing test case #214 (291 total, 13 crashes saved, state: started :-), mode=explore, perf_score=100, weight=45, favorite=1, was_fuzzed=0, exec_us=33, hits=0, map=25, ascii=0, run_time=0:03:09:59)...[0m
[1;94m[*] [0mFuzzing test case #274 (291 total, 13 crashes saved, state: started :-), mode=explore, perf_score=100, weight=19, favorite=1, was_fuzzed=0, exec_us=52, hits=0, map=22, ascii=0, run_time=0:03:09:59)...[0m
[1;94m[*] [0mFuzzing test case #262 (291 total, 13 crashes saved, state: started :-), mode=explore, perf_score=100, weight=17, favorite=1, was_fuzzed=0, exec_us=62, hits=0, map=26, ascii=0, run_time=0:03:09:59)...[0m
[1;94m[*] [0mFuzzing test case #257 (291 total, 13 crashes saved, state: started :-), mode=explore, perf_score=100, weight=20, favorite=1, was_fuzzed=0, exec_us=55, hits=0, map=34, ascii=0, run_time=0:03:09:59)...[0m
[1;94m[*] [0mFuzzing test case #224 (291 total, 13 crashes saved, state: started :-), mode=explore, perf_score=100, weight=19, favorite=1, was_fuzzed=0, exec_us=52, hits=0, map=23, ascii=0, run_time=0:03:09:59)...[0m
[1;94m[*] [0mFuzzing test case #193 (291 total, 13 crashes saved, state: started :-), mode=explore, perf_score=100, weight=29, favorite=1, was_fuzzed=0, exec_us=53, hits=0, map=28, ascii=0, run_time=0:03:09:59)...[0m
[1;94m[*] [0mFuzzing test case #275 (291 total, 13 crashes saved, state: started :-), mode=explore, perf_score=100, weight=19, favorite=1, was_fuzzed=0, exec_us=55, hits=0, map=26, ascii=0, run_time=0:03:09:59)...[0m
[1;94m[*] [0mFuzzing test case #159 (291 total, 13 crashes saved, state: started :-), mode=explore, perf_score=100, weight=27, favorite=1, was_fuzzed=0, exec_us=52, hits=0, map=20, ascii=0, run_time=0:03:09:59)...[0m
[1;94m[*] [0mFuzzing test case #8 (291 total, 13 crashes saved, state: started :-), mode=explore, perf_score=100, weight=18, favorite=1, was_fuzzed=0, exec_us=56, hits=0, map=23, ascii=0, run_time=0:03:09:59)...[0m
[1;94m[*] [0mFuzzing test case #225 (291 total, 13 crashes saved, state: started :-), mode=explore, perf_score=100, weight=21, favorite=1, was_fuzzed=0, exec_us=48, hits=0, map=23, ascii=0, run_time=0:03:09:59)...[0m
[1;94m[*] [0mFuzzing test case #9 (291 total, 13 crashes saved, state: started :-), mode=explore, perf_score=100, weight=17, favorite=1, was_fuzzed=0, exec_us=58, hits=0, map=23, ascii=0, run_time=0:03:09:59)...[0m
[1;94m[*] [0mFuzzing test case #218 (291 total, 13 crashes saved, state: started :-), mode=explore, perf_score=100, weight=20, favorite=1, was_fuzzed=0, exec_us=51, hits=0, map=25, ascii=0, run_time=0:03:09:59)...[0m
[1;94m[*] [0mFuzzing test case #248 (291 total, 13 crashes saved, state: started :-), mode=explore, perf_score=100, weight=19, favorite=1, was_fuzzed=0, exec_us=51, hits=0, map=23, ascii=0, run_time=0:03:09:59)...[0m
[1;94m[*] [0mFuzzing test case #237 (291 total, 13 crashes saved, state: started :-), mode=explore, perf_score=100, weight=17, favorite=1, was_fuzzed=0, exec_us=57, hits=0, map=21, ascii=0, run_time=0:03:09:59)...[0m
[1;94m[*] [0mFuzzing test case #216 (291 total, 13 crashes saved, state: started :-), mode=explore, perf_score=100, weight=18, favorite=1, was_fuzzed=0, exec_us=54, hits=0, map=23, ascii=0, run_time=0:03:09:59)...[0m
[1;94m[*] [0mFuzzing test case #226 (291 total, 13 crashes saved, state: started :-), mode=explore, perf_score=100, weight=19, favorite=1, was_fuzzed=0, exec_us=50, hits=0, map=21, ascii=0, run_time=0:03:09:59)...[0m
[1;94m[*] [0mFuzzing test case #162 (291 total, 13 crashes saved, state: started :-), mode=explore, perf_score=100, weight=19, favorite=1, was_fuzzed=0, exec_us=55, hits=0, map=26, ascii=0, run_time=0:03:09:59)...[0m
[1;94m[*] [0mFuzzing test case #231 (291 total, 13 crashes saved, state: started :-), mode=explore, perf_score=100, weight=18, favorite=1, was_fuzzed=0, exec_us=60, hits=0, map=30, ascii=0, run_time=0:03:09:59)...[0m
[1;94m[*] [0mFuzzing test case #244 (291 total, 13 crashes saved, state: started :-), mode=explore, perf_score=100, weight=49, favorite=1, was_fuzzed=0, exec_us=51, hits=0, map=27, ascii=0, run_time=0:03:09:59)...[0m
[1;94m[*] [0mFuzzing test case #230 (291 total, 13 crashes saved, state: started :-), mode=explore, perf_score=100, weight=18, favorite=1, was_fuzzed=0, exec_us=54, hits=0, map=21, ascii=0, run_time=0:03:09:59)...[0m
[1;94m[*] [0mFuzzing test case #163 (291 total, 13 crashes saved, state: started :-), mode=explore, perf_score=150, weight=46, favorite=1, was_fuzzed=0, exec_us=59, hits=0, map=37, ascii=0, run_time=0:03:09:59)...[0m
[1;94m[*] [0mFuzzing test case #178 (291 total, 13 crashes saved, state: started :-), mode=explore, perf_score=100, weight=18, favorite=1, was_fuzzed=0, exec_us=55, hits=0, map=24, ascii=0, run_time=0:03:09:59)...[0m
[1;94m[*] [0mFuzzing test case #167 (291 total, 13 crashes saved, state: started :-), mode=explore, perf_score=100, weight=17, favorite=1, was_fuzzed=0, exec_us=56, hits=0, map=22, ascii=0, run_time=0:03:09:59)...[0m
[1;94m[*] [0mFuzzing test case #220 (291 total, 13 crashes saved, state: started :-), mode=explore, perf_score=100, weight=19, favorite=1, was_fuzzed=0, exec_us=52, hits=0, map=22, ascii=0, run_time=0:03:09:59)...[0m
[1;94m[*] [0mFuzzing test case #15 (291 total, 13 crashes saved, state: started :-), mode=explore, perf_score=100, weight=18, favorite=1, was_fuzzed=0, exec_us=56, hits=0, map=25, ascii=0, run_time=0:03:09:59)...[0m
[1;94m[*] [0mFuzzing test case #239 (291 total, 13 crashes saved, state: started :-), mode=explore, perf_score=100, weight=19, favorite=1, was_fuzzed=0, exec_us=53, hits=0, map=23, ascii=0, run_time=0:03:09:59)...[0m
[1;94m[*] [0mFuzzing test case #243 (291 total, 13 crashes saved, state: started :-), mode=explore, perf_score=459, weight=9, favorite=1, was_fuzzed=1, exec_us=54, hits=0, map=23, ascii=0, run_time=0:03:09:59)...[0m
[1;94m[*] [0mFuzzing test case #215 (291 total, 13 crashes saved, state: started :-), mode=explore, perf_score=459, weight=10, favorite=1, was_fuzzed=1, exec_us=49, hits=0, map=26, ascii=0, run_time=0:03:10:00)...[0m
[1;94m[*] [0mFuzzing test case #250 (291 total, 13 crashes saved, state: started :-), mode=explore, perf_score=459, weight=16, favorite=1, was_fuzzed=1, exec_us=49, hits=0, map=31, ascii=0, run_time=0:03:10:00)...[0m
[1;94m[*] [0mFuzzing test case #204 (292 total, 13 crashes saved, state: started :-), mode=explore, perf_score=100, weight=21, favorite=1, was_fuzzed=0, exec_us=48, hits=0, map=24, ascii=0, run_time=0:03:10:00)...[0m
[1;94m[*] [0mFuzzing test case #266 (292 total, 13 crashes saved, state: started :-), mode=explore, perf_score=100, weight=31, favorite=1, was_fuzzed=0, exec_us=50, hits=0, map=27, ascii=0, run_time=0:03:10:00)...[0m
[1;94m[*] [0mFuzzing test case #158 (292 total, 13 crashes saved, state: started :-), mode=explore, perf_score=100, weight=19, favorite=1, was_fuzzed=0, exec_us=52, hits=0, map=22, ascii=0, run_time=0:03:10:00)...[0m
[1;94m[*] [0mFuzzing test case #227 (292 total, 13 crashes saved, state: started :-), mode=explore, perf_score=100, weight=19, favorite=1, was_fuzzed=0, exec_us=50, hits=0, map=21, ascii=0, run_time=0:03:10:00)...[0m
[1;94m[*] [0mFuzzing test case #188 (292 total, 13 crashes saved, state: started :-), mode=explore, perf_score=100, weight=19, favorite=1, was_fuzzed=0, exec_us=49, hits=0, map=20, ascii=0, run_time=0:03:10:00)...[0m
[1;94m[*] [0mFuzzing test case #172 (292 total, 13 crashes saved, state: started :-), mode=explore, perf_score=100, weight=19, favorite=1, was_fuzzed=0, exec_us=51, hits=0, map=21, ascii=0, run_time=0:03:10:00)...[0m
[1;94m[*] [0mFuzzing test case #239 (292 total, 13 crashes saved, state: started :-), mode=explore, perf_score=459, weight=9, favorite=1, was_fuzzed=1, exec_us=53, hits=0, map=23, ascii=0, run_time=0:03:10:00)...[0m
[1;94m[*] [0mFuzzing test case #12 (292 total, 13 crashes saved, state: started :-), mode=explore, perf_score=100, weight=17, favorite=1, was_fuzzed=0, exec_us=58, hits=0, map=22, ascii=0, run_time=0:03:10:00)...[0m
[1;94m[*] [0mFuzzing test case #195 (292 total, 13 crashes saved, state: started :-), mode=explore, perf_score=459, weight=223, favorite=1, was_fuzzed=1, exec_us=32, hits=0, map=28, ascii=0, run_time=0:03:10:00)...[0m
[1;94m[*] [0mFuzzing test case #251 (292 total, 13 crashes saved, state: started :-), mode=explore, perf_score=100, weight=18, favorite=1, was_fuzzed=0, exec_us=55, hits=0, map=23, ascii=0, run_time=0:03:10:00)...[0m
[1;94m[*] [0mFuzzing test case #195 (292 total, 13 crashes saved, state: started :-), mode=explore, perf_score=459, weight=223, favorite=1, was_fuzzed=1, exec_us=32, hits=0, map=28, ascii=0, run_time=0:03:10:00)...[0m
[1;94m[*] [0mFuzzing test case #246 (292 total, 13 crashes saved, state: started :-), mode=explore, perf_score=459, weight=8, favorite=1, was_fuzzed=1, exec_us=62, hits=0, map=28, ascii=0, run_time=0:03:10:00)...[0m
[1;94m[*] [0mFuzzing test case #242 (292 total, 13 crashes saved, state: started :-), mode=explore, perf_score=459, weight=10, favorite=1, was_fuzzed=1, exec_us=51, hits=0, map=27, ascii=0, run_time=0:03:10:00)...[0m
[1;94m[*] [0mFuzzing test case #195 (292 total, 13 crashes saved, state: started :-), mode=explore, perf_score=459, weight=223, favorite=1, was_fuzzed=1, exec_us=32, hits=0, map=28, ascii=0, run_time=0:03:10:00)...[0m
[1;94m[*] [0mFuzzing test case #250 (292 total, 13 crashes saved, state: started :-), mode=explore, perf_score=459, weight=16, favorite=1, was_fuzzed=1, exec_us=49, hits=0, map=31, ascii=0, run_time=0:03:10:00)...[0m
[?25h[1;91m

+++ Testing aborted by user +++
[0m[1;94m[*] [0mStatistics: 2 new corpus items found, 10.99% coverage achieved, 13 crashes saved, 0 timeouts saved, total runtime 0 days, 0 hrs, 0 min, 2 sec[0m
[1;92m[+] [0mWe're done here. Have a nice day!
[0m
